Component: Arm Compiler for Embedded 6.23 Tool: armlink [5f102400]

==============================================================================

Section Cross References

    ds3231_for_stm32_hal.o(.text.DS3231_Init) refers to ds3231_for_stm32_hal.o(.bss._ds3231_ui2c) for _ds3231_ui2c
    ds3231_for_stm32_hal.o(.text.DS3231_Init) refers to ds3231_for_stm32_hal.o(.text.DS3231_EnableAlarm1) for DS3231_EnableAlarm1
    ds3231_for_stm32_hal.o(.text.DS3231_Init) refers to ds3231_for_stm32_hal.o(.text.DS3231_EnableAlarm2) for DS3231_EnableAlarm2
    ds3231_for_stm32_hal.o(.text.DS3231_Init) refers to stm32f4xx_hal_i2c.o(.text.HAL_I2C_Master_Transmit) for HAL_I2C_Master_Transmit
    ds3231_for_stm32_hal.o(.text.DS3231_Init) refers to stm32f4xx_hal_i2c.o(.text.HAL_I2C_Master_Receive) for HAL_I2C_Master_Receive
    ds3231_for_stm32_hal.o(.ARM.exidx.text.DS3231_Init) refers to ds3231_for_stm32_hal.o(.text.DS3231_Init) for [Anonymous Symbol]
    ds3231_for_stm32_hal.o(.text.DS3231_EnableAlarm1) refers to ds3231_for_stm32_hal.o(.bss._ds3231_ui2c) for _ds3231_ui2c
    ds3231_for_stm32_hal.o(.text.DS3231_EnableAlarm1) refers to stm32f4xx_hal_i2c.o(.text.HAL_I2C_Master_Transmit) for HAL_I2C_Master_Transmit
    ds3231_for_stm32_hal.o(.text.DS3231_EnableAlarm1) refers to stm32f4xx_hal_i2c.o(.text.HAL_I2C_Master_Receive) for HAL_I2C_Master_Receive
    ds3231_for_stm32_hal.o(.ARM.exidx.text.DS3231_EnableAlarm1) refers to ds3231_for_stm32_hal.o(.text.DS3231_EnableAlarm1) for [Anonymous Symbol]
    ds3231_for_stm32_hal.o(.text.DS3231_EnableAlarm2) refers to ds3231_for_stm32_hal.o(.bss._ds3231_ui2c) for _ds3231_ui2c
    ds3231_for_stm32_hal.o(.text.DS3231_EnableAlarm2) refers to stm32f4xx_hal_i2c.o(.text.HAL_I2C_Master_Transmit) for HAL_I2C_Master_Transmit
    ds3231_for_stm32_hal.o(.text.DS3231_EnableAlarm2) refers to stm32f4xx_hal_i2c.o(.text.HAL_I2C_Master_Receive) for HAL_I2C_Master_Receive
    ds3231_for_stm32_hal.o(.ARM.exidx.text.DS3231_EnableAlarm2) refers to ds3231_for_stm32_hal.o(.text.DS3231_EnableAlarm2) for [Anonymous Symbol]
    ds3231_for_stm32_hal.o(.text.DS3231_SetInterruptMode) refers to ds3231_for_stm32_hal.o(.bss._ds3231_ui2c) for _ds3231_ui2c
    ds3231_for_stm32_hal.o(.text.DS3231_SetInterruptMode) refers to stm32f4xx_hal_i2c.o(.text.HAL_I2C_Master_Transmit) for HAL_I2C_Master_Transmit
    ds3231_for_stm32_hal.o(.text.DS3231_SetInterruptMode) refers to stm32f4xx_hal_i2c.o(.text.HAL_I2C_Master_Receive) for HAL_I2C_Master_Receive
    ds3231_for_stm32_hal.o(.ARM.exidx.text.DS3231_SetInterruptMode) refers to ds3231_for_stm32_hal.o(.text.DS3231_SetInterruptMode) for [Anonymous Symbol]
    ds3231_for_stm32_hal.o(.text.DS3231_SetRegByte) refers to ds3231_for_stm32_hal.o(.bss._ds3231_ui2c) for _ds3231_ui2c
    ds3231_for_stm32_hal.o(.text.DS3231_SetRegByte) refers to stm32f4xx_hal_i2c.o(.text.HAL_I2C_Master_Transmit) for HAL_I2C_Master_Transmit
    ds3231_for_stm32_hal.o(.ARM.exidx.text.DS3231_SetRegByte) refers to ds3231_for_stm32_hal.o(.text.DS3231_SetRegByte) for [Anonymous Symbol]
    ds3231_for_stm32_hal.o(.text.DS3231_GetRegByte) refers to ds3231_for_stm32_hal.o(.bss._ds3231_ui2c) for _ds3231_ui2c
    ds3231_for_stm32_hal.o(.text.DS3231_GetRegByte) refers to stm32f4xx_hal_i2c.o(.text.HAL_I2C_Master_Transmit) for HAL_I2C_Master_Transmit
    ds3231_for_stm32_hal.o(.text.DS3231_GetRegByte) refers to stm32f4xx_hal_i2c.o(.text.HAL_I2C_Master_Receive) for HAL_I2C_Master_Receive
    ds3231_for_stm32_hal.o(.ARM.exidx.text.DS3231_GetRegByte) refers to ds3231_for_stm32_hal.o(.text.DS3231_GetRegByte) for [Anonymous Symbol]
    ds3231_for_stm32_hal.o(.text.DS3231_EnableBatterySquareWave) refers to ds3231_for_stm32_hal.o(.bss._ds3231_ui2c) for _ds3231_ui2c
    ds3231_for_stm32_hal.o(.text.DS3231_EnableBatterySquareWave) refers to stm32f4xx_hal_i2c.o(.text.HAL_I2C_Master_Transmit) for HAL_I2C_Master_Transmit
    ds3231_for_stm32_hal.o(.text.DS3231_EnableBatterySquareWave) refers to stm32f4xx_hal_i2c.o(.text.HAL_I2C_Master_Receive) for HAL_I2C_Master_Receive
    ds3231_for_stm32_hal.o(.ARM.exidx.text.DS3231_EnableBatterySquareWave) refers to ds3231_for_stm32_hal.o(.text.DS3231_EnableBatterySquareWave) for [Anonymous Symbol]
    ds3231_for_stm32_hal.o(.text.DS3231_SetRateSelect) refers to ds3231_for_stm32_hal.o(.bss._ds3231_ui2c) for _ds3231_ui2c
    ds3231_for_stm32_hal.o(.text.DS3231_SetRateSelect) refers to stm32f4xx_hal_i2c.o(.text.HAL_I2C_Master_Transmit) for HAL_I2C_Master_Transmit
    ds3231_for_stm32_hal.o(.text.DS3231_SetRateSelect) refers to stm32f4xx_hal_i2c.o(.text.HAL_I2C_Master_Receive) for HAL_I2C_Master_Receive
    ds3231_for_stm32_hal.o(.ARM.exidx.text.DS3231_SetRateSelect) refers to ds3231_for_stm32_hal.o(.text.DS3231_SetRateSelect) for [Anonymous Symbol]
    ds3231_for_stm32_hal.o(.text.DS3231_EnableOscillator) refers to ds3231_for_stm32_hal.o(.bss._ds3231_ui2c) for _ds3231_ui2c
[...]
    Removing stm32f4xx_hal_uart.o(.text.UART_DMARxHalfCplt), (24 bytes).
    Removing stm32f4xx_hal_uart.o(.ARM.exidx.text.UART_DMARxHalfCplt), (8 bytes).
    Removing system_stm32f4xx_1.o(.text), (0 bytes).
    Removing system_stm32f4xx_1.o(.ARM.exidx.text.SystemInit), (8 bytes).
    Removing system_stm32f4xx_1.o(.text.SystemCoreClockUpdate), (134 bytes).
    Removing system_stm32f4xx_1.o(.ARM.exidx.text.SystemCoreClockUpdate), (8 bytes).

1152 unused section(s) (total 79369 bytes) removed from the image.

==============================================================================

Image Symbol Table

    Local Symbols

    Symbol Name                              Value     Ov Type        Size  Object(Section)

    ../clib/angel/boardlib.s                 0x00000000   Number         0  boardinit1.o ABSOLUTE
    ../clib/angel/boardlib.s                 0x00000000   Number         0  boardinit2.o ABSOLUTE
    ../clib/angel/boardlib.s                 0x00000000   Number         0  boardinit3.o ABSOLUTE
    ../clib/angel/boardlib.s                 0x00000000   Number         0  boardshut.o ABSOLUTE
    ../clib/angel/handlers.s                 0x00000000   Number         0  __scatter_copy.o ABSOLUTE
    ../clib/angel/handlers.s                 0x00000000   Number         0  __scatter_zi.o ABSOLUTE
    ../clib/angel/kernel.s                   0x00000000   Number         0  __rtentry.o ABSOLUTE
    ../clib/angel/kernel.s                   0x00000000   Number         0  __rtentry2.o ABSOLUTE
    ../clib/angel/kernel.s                   0x00000000   Number         0  __rtentry4.o ABSOLUTE
    ../clib/angel/kernel.s                   0x00000000   Number         0  rtexit.o ABSOLUTE
    ../clib/angel/kernel.s                   0x00000000   Number         0  rtexit2.o ABSOLUTE
    ../clib/angel/rt.s                       0x00000000   Number         0  aeabi_ldiv0.o ABSOLUTE
    ../clib/angel/rt.s                       0x00000000   Number         0  aeabi_ldiv0_sigfpe.o ABSOLUTE
    ../clib/angel/rt.s                       0x00000000   Number         0  rt_div0.o ABSOLUTE
    ../clib/angel/rt.s                       0x00000000   Number         0  rt_raise.o ABSOLUTE
    ../clib/angel/scatter.s                  0x00000000   Number         0  __scatter.o ABSOLUTE
    ../clib/angel/startup.s                  0x00000000   Number         0  __main.o ABSOLUTE
    ../clib/angel/sys.s                      0x00000000   Number         0  sys_stackheap_outer.o ABSOLUTE
    ../clib/angel/sys.s                      0x00000000   Number         0  libspace.o ABSOLUTE
    ../clib/angel/sys.s                      0x00000000   Number         0  use_no_semi.o ABSOLUTE
    ../clib/angel/sys.s                      0x00000000   Number         0  indicate_semi.o ABSOLUTE
    ../clib/angel/sysapp.c                   0x00000000   Number         0  sys_exit.o ABSOLUTE
    ../clib/angel/sysapp.c                   0x00000000   Number         0  sys_exit_hlt.o ABSOLUTE
    ../clib/angel/sysapp.c                   0x00000000   Number         0  sys_wrch.o ABSOLUTE
    ../clib/angel/sysapp.c                   0x00000000   Number         0  sys_wrch_hlt.o ABSOLUTE
    ../clib/angel/sysapp.c                   0x00000000   Number         0  sys_command.o ABSOLUTE
    ../clib/angel/sysapp.c                   0x00000000   Number         0  sys_command_hlt.o ABSOLUTE
    ../clib/armsys.c                         0x00000000   Number         0  argv_veneer.o ABSOLUTE
    ../clib/armsys.c                         0x00000000   Number         0  argv_veneer.o ABSOLUTE
    ../clib/armsys.c                         0x00000000   Number         0  _get_argv_nomalloc.o ABSOLUTE
    ../clib/armsys.c                         0x00000000   Number         0  no_argv.o ABSOLUTE
    ../clib/heapalloc.c                      0x00000000   Number         0  hrguard.o ABSOLUTE
    ../clib/heapaux.c                        0x00000000   Number         0  heapauxi.o ABSOLUTE
    ../clib/libinit.s                        0x00000000   Number         0  libinit.o ABSOLUTE
    ../clib/libinit.s                        0x00000000   Number         0  libinit2.o ABSOLUTE
    ../clib/libinit.s                        0x00000000   Number         0  libshutdown.o ABSOLUTE
    ../clib/libinit.s                        0x00000000   Number         0  libshutdown2.o ABSOLUTE
    ../clib/longlong.s                       0x00000000   Number         0  lludivv7m.o ABSOLUTE
    ../clib/memcpset.s                       0x00000000   Number         0  rt_memcpy_v6.o ABSOLUTE
    ../clib/memcpset.s                       0x00000000   Number         0  aeabi_memset4.o ABSOLUTE
    ../clib/memcpset.s                       0x00000000   Number         0  rt_memclr_w.o ABSOLUTE
    ../clib/memcpset.s                       0x00000000   Number         0  strcmpv7em.o ABSOLUTE
    ../clib/memcpset.s                       0x00000000   Number         0  rt_memcpy_w.o ABSOLUTE
    ../clib/misc.s                           0x00000000   Number         0  printf_stubs.o ABSOLUTE
    ../clib/printf.c                         0x00000000   Number         0  __2sprintf.o ABSOLUTE
    ../clib/printf.c                         0x00000000   Number         0  noretval__2sprintf.o ABSOLUTE
    ../clib/printf.c                         0x00000000   Number         0  __printf.o ABSOLUTE
    ../clib/printf.c                         0x00000000   Number         0  _printf_pad.o ABSOLUTE
    ../clib/printf.c                         0x00000000   Number         0  _printf_str.o ABSOLUTE
    ../clib/printf.c                         0x00000000   Number         0  _printf_dec.o ABSOLUTE
    ../clib/printf.c                         0x00000000   Number         0  __printf_flags.o ABSOLUTE
    ../clib/printf.c                         0x00000000   Number         0  __printf_ss.o ABSOLUTE
    ../clib/printf.c                         0x00000000   Number         0  __printf_flags_ss.o ABSOLUTE
    ../clib/printf.c                         0x00000000   Number         0  __printf_wp.o ABSOLUTE
    ../clib/printf.c                         0x00000000   Number         0  __printf_flags_wp.o ABSOLUTE
    ../clib/printf.c                         0x00000000   Number         0  __printf_ss_wp.o ABSOLUTE
    ../clib/printf.c                         0x00000000   Number         0  __printf_flags_ss_wp.o ABSOLUTE
    ../clib/printf.c                         0x00000000   Number         0  _printf_intcommon.o ABSOLUTE
    ../clib/printf.c                         0x00000000   Number         0  _printf_char_common.o ABSOLUTE
    ../clib/printf.c                         0x00000000   Number         0  _sputc.o ABSOLUTE
    ../clib/printf.c                         0x00000000   Number         0  _printf_char.o ABSOLUTE
    ../clib/printf.c                         0x00000000   Number         0  __printf_nopercent.o ABSOLUTE
    ../clib/printf_percent.s                 0x00000000   Number         0  _printf_s.o ABSOLUTE
    ../clib/printf_percent.s                 0x00000000   Number         0  _printf_d.o ABSOLUTE
    ../clib/printf_percent.s                 0x00000000   Number         0  _printf_percent.o ABSOLUTE
    ../clib/printf_percent.s                 0x00000000   Number         0  _printf_percent_end.o ABSOLUTE
    ../clib/signal.c                         0x00000000   Number         0  defsig_fpe_outer.o ABSOLUTE
    ../clib/signal.c                         0x00000000   Number         0  defsig_fpe_formal.o ABSOLUTE
    ../clib/signal.c                         0x00000000   Number         0  defsig_exit.o ABSOLUTE
    ../clib/signal.c                         0x00000000   Number         0  defsig_fpe_inner.o ABSOLUTE
    ../clib/signal.c                         0x00000000   Number         0  __raise.o ABSOLUTE
    ../clib/signal.c                         0x00000000   Number         0  defsig_general.o ABSOLUTE
    ../clib/signal.c                         0x00000000   Number         0  defsig_abrt_inner.o ABSOLUTE
    ../clib/signal.c                         0x00000000   Number         0  defsig_rtred_inner.o ABSOLUTE
    ../clib/signal.c                         0x00000000   Number         0  defsig_rtmem_inner.o ABSOLUTE
    ../clib/signal.c                         0x00000000   Number         0  defsig_rtmem_outer.o ABSOLUTE
    ../clib/signal.c                         0x00000000   Number         0  defsig_rtmem_formal.o ABSOLUTE
    ../clib/signal.c                         0x00000000   Number         0  defsig_stak_inner.o ABSOLUTE
    ../clib/signal.c                         0x00000000   Number         0  defsig_pvfn_inner.o ABSOLUTE
    ../clib/signal.c                         0x00000000   Number         0  defsig_cppl_inner.o ABSOLUTE
    ../clib/signal.c                         0x00000000   Number         0  defsig_segv_inner.o ABSOLUTE
    ../clib/signal.c                         0x00000000   Number         0  defsig_other.o ABSOLUTE
    ../clib/signal.s                         0x00000000   Number         0  defsig.o ABSOLUTE
    ../clib/stdlib.c                         0x00000000   Number         0  exit.o ABSOLUTE
    ../clib/string.c                         0x00000000   Number         0  strlen.o ABSOLUTE
    ../fplib/fpinit.s                        0x00000000   Number         0  fpinit.o ABSOLUTE
    KeyPad.c                                 0x00000000   Number         0  keypad.o ABSOLUTE
    RTE/Device/STM32F401RETx/startup_stm32f401xe.s 0x00000000   Number         0  startup_stm32f401xe.o ABSOLUTE
    dc.s                                     0x00000000   Number         0  dc.o ABSOLUTE
    ds3231_for_stm32_hal.c                   0x00000000   Number         0  ds3231_for_stm32_hal.o ABSOLUTE
    fonts.c                                  0x00000000   Number         0  fonts.o ABSOLUTE
    main.c                                   0x00000000   Number         0  main.o ABSOLUTE
    ssd1306.c                                0x00000000   Number         0  ssd1306.o ABSOLUTE
    stm32f4xx_hal.c                          0x00000000   Number         0  stm32f4xx_hal.o ABSOLUTE
    stm32f4xx_hal_cortex.c                   0x00000000   Number         0  stm32f4xx_hal_cortex.o ABSOLUTE
    stm32f4xx_hal_dma.c                      0x00000000   Number         0  stm32f4xx_hal_dma.o ABSOLUTE
    stm32f4xx_hal_dma_ex.c                   0x00000000   Number         0  stm32f4xx_hal_dma_ex.o ABSOLUTE
    stm32f4xx_hal_exti.c                     0x00000000   Number         0  stm32f4xx_hal_exti.o ABSOLUTE
    stm32f4xx_hal_flash.c                    0x00000000   Number         0  stm32f4xx_hal_flash.o ABSOLUTE
    stm32f4xx_hal_flash_ex.c                 0x00000000   Number         0  stm32f4xx_hal_flash_ex.o ABSOLUTE
    stm32f4xx_hal_flash_ramfunc.c            0x00000000   Number         0  stm32f4xx_hal_flash_ramfunc.o ABSOLUTE
    stm32f4xx_hal_gpio.c                     0x00000000   Number         0  stm32f4xx_hal_gpio.o ABSOLUTE
    stm32f4xx_hal_i2c.c                      0x00000000   Number         0  stm32f4xx_hal_i2c.o ABSOLUTE
    stm32f4xx_hal_i2c_ex.c                   0x00000000   Number         0  stm32f4xx_hal_i2c_ex.o ABSOLUTE
    stm32f4xx_hal_msp.c                      0x00000000   Number         0  stm32f4xx_hal_msp.o ABSOLUTE
    stm32f4xx_hal_pwr.c                      0x00000000   Number         0  stm32f4xx_hal_pwr.o ABSOLUTE
    stm32f4xx_hal_pwr_ex.c                   0x00000000   Number         0  stm32f4xx_hal_pwr_ex.o ABSOLUTE
    stm32f4xx_hal_rcc.c                      0x00000000   Number         0  stm32f4xx_hal_rcc.o ABSOLUTE
    stm32f4xx_hal_rcc_ex.c                   0x00000000   Number         0  stm32f4xx_hal_rcc_ex.o ABSOLUTE
    stm32f4xx_hal_rtc.c                      0x00000000   Number         0  stm32f4xx_hal_rtc.o ABSOLUTE
    stm32f4xx_hal_rtc_ex.c                   0x00000000   Number         0  stm32f4xx_hal_rtc_ex.o ABSOLUTE
    stm32f4xx_hal_tim.c                      0x00000000   Number         0  stm32f4xx_hal_tim.o ABSOLUTE
    stm32f4xx_hal_tim_ex.c                   0x00000000   Number         0  stm32f4xx_hal_tim_ex.o ABSOLUTE
    stm32f4xx_hal_uart.c                     0x00000000   Number         0  stm32f4xx_hal_uart.o ABSOLUTE
    stm32f4xx_it.c                           0x00000000   Number         0  stm32f4xx_it.o ABSOLUTE
    system_stm32f4xx.c                       0x00000000   Number         0  system_stm32f4xx_1.o ABSOLUTE
    RESET                                    0x08000000   Section      404  startup_stm32f401xe.o(RESET)
    !!!main                                  0x08000194   Section        8  __main.o(!!!main)
    !!!scatter                               0x0800019c   Section       92  __scatter.o(!!!scatter)
    !!handler_copy                           0x080001f8   Section       26  __scatter_copy.o(!!handler_copy)
    !!handler_null                           0x08000214   Section        2  __scatter.o(!!handler_null)
    !!handler_zi                             0x08000218   Section       28  __scatter_zi.o(!!handler_zi)
    .ARM.Collect$$_printf_percent$$00000000  0x08000234   Section        0  _printf_percent.o(.ARM.Collect$$_printf_percent$$00000000)
    .ARM.Collect$$_printf_percent$$00000009  0x08000234   Section        6  _printf_d.o(.ARM.Collect$$_printf_percent$$00000009)
    .ARM.Collect$$_printf_percent$$00000014  0x0800023a   Section        6  _printf_s.o(.ARM.Collect$$_printf_percent$$00000014)
    .ARM.Collect$$_printf_percent$$00000017  0x08000240   Section        4  _printf_percent_end.o(.ARM.Collect$$_printf_percent$$00000017)
    .ARM.Collect$$libinit$$00000000          0x08000244   Section        2  libinit.o(.ARM.Collect$$libinit$$00000000)
    .ARM.Collect$$libinit$$00000001          0x08000246   Section        4  libinit2.o(.ARM.Collect$$libinit$$00000001)
    .ARM.Collect$$libinit$$00000004          0x0800024a   Section        0  libinit2.o(.ARM.Collect$$libinit$$00000004)
    .ARM.Collect$$libinit$$00000006          0x0800024a   Section        0  libinit2.o(.ARM.Collect$$libinit$$00000006)
    .ARM.Collect$$libinit$$0000000C          0x0800024a   Section        0  libinit2.o(.ARM.Collect$$libinit$$0000000C)
    .ARM.Collect$$libinit$$0000000E          0x0800024a   Section        0  libinit2.o(.ARM.Collect$$libinit$$0000000E)
    .ARM.Collect$$libinit$$00000010          0x0800024a   Section        0  libinit2.o(.ARM.Collect$$libinit$$00000010)
    .ARM.Collect$$libinit$$00000013          0x0800024a   Section        0  libinit2.o(.ARM.Collect$$libinit$$00000013)
    .ARM.Collect$$libinit$$00000015          0x0800024a   Section        0  libinit2.o(.ARM.Collect$$libinit$$00000015)
    .ARM.Collect$$libinit$$00000017          0x0800024a   Section        0  libinit2.o(.ARM.Collect$$libinit$$00000017)
    .ARM.Collect$$libinit$$00000019          0x0800024a   Section        0  libinit2.o(.ARM.Collect$$libinit$$00000019)
    .ARM.Collect$$libinit$$0000001B          0x0800024a   Section        0  libinit2.o(.ARM.Collect$$libinit$$0000001B)
    .ARM.Collect$$libinit$$0000001D          0x0800024a   Section        0  libinit2.o(.ARM.Collect$$libinit$$0000001D)
    .ARM.Collect$$libinit$$0000001F          0x0800024a   Section        0  libinit2.o(.ARM.Collect$$libinit$$0000001F)
    .ARM.Collect$$libinit$$00000021          0x0800024a   Section        0  libinit2.o(.ARM.Collect$$libinit$$00000021)
    .ARM.Collect$$libinit$$00000023          0x0800024a   Section        0  libinit2.o(.ARM.Collect$$libinit$$00000023)
    .ARM.Collect$$libinit$$00000025          0x0800024a   Section        0  libinit2.o(.ARM.Collect$$libinit$$00000025)
    .ARM.Collect$$libinit$$00000027          0x0800024a   Section        0  libinit2.o(.ARM.Collect$$libinit$$00000027)
    .ARM.Collect$$libinit$$0000002E          0x0800024a   Section        0  libinit2.o(.ARM.Collect$$libinit$$0000002E)
    .ARM.Collect$$libinit$$00000030          0x0800024a   Section        0  libinit2.o(.ARM.Collect$$libinit$$00000030)
    .ARM.Collect$$libinit$$00000032          0x0800024a   Section        0  libinit2.o(.ARM.Collect$$libinit$$00000032)
    .ARM.Collect$$libinit$$00000034          0x0800024a   Section        0  libinit2.o(.ARM.Collect$$libinit$$00000034)
    .ARM.Collect$$libinit$$00000035          0x0800024a   Section        2  libinit2.o(.ARM.Collect$$libinit$$00000035)
    .ARM.Collect$$libshutdown$$00000000      0x0800024c   Section        2  libshutdown.o(.ARM.Collect$$libshutdown$$00000000)
    .ARM.Collect$$libshutdown$$00000002      0x0800024e   Section        0  libshutdown2.o(.ARM.Collect$$libshutdown$$00000002)
    .ARM.Collect$$libshutdown$$00000004      0x0800024e   Section        0  libshutdown2.o(.ARM.Collect$$libshutdown$$00000004)
    .ARM.Collect$$libshutdown$$00000007      0x0800024e   Section        0  libshutdown2.o(.ARM.Collect$$libshutdown$$00000007)
    .ARM.Collect$$libshutdown$$0000000A      0x0800024e   Section        0  libshutdown2.o(.ARM.Collect$$libshutdown$$0000000A)
    .ARM.Collect$$libshutdown$$0000000C      0x0800024e   Section        0  libshutdown2.o(.ARM.Collect$$libshutdown$$0000000C)
    .ARM.Collect$$libshutdown$$0000000F      0x0800024e   Section        0  libshutdown2.o(.ARM.Collect$$libshutdown$$0000000F)
    .ARM.Collect$$libshutdown$$00000010      0x0800024e   Section        2  libshutdown2.o(.ARM.Collect$$libshutdown$$00000010)
    .ARM.Collect$$rtentry$$00000000          0x08000250   Section        0  __rtentry.o(.ARM.Collect$$rtentry$$00000000)
    .ARM.Collect$$rtentry$$00000002          0x08000250   Section        0  __rtentry2.o(.ARM.Collect$$rtentry$$00000002)
    .ARM.Collect$$rtentry$$00000004          0x08000250   Section        6  __rtentry4.o(.ARM.Collect$$rtentry$$00000004)
    .ARM.Collect$$rtentry$$00000009          0x08000256   Section        0  __rtentry2.o(.ARM.Collect$$rtentry$$00000009)
    .ARM.Collect$$rtentry$$0000000A          0x08000256   Section        4  __rtentry2.o(.ARM.Collect$$rtentry$$0000000A)
    .ARM.Collect$$rtentry$$0000000C          0x0800025a   Section        0  __rtentry2.o(.ARM.Collect$$rtentry$$0000000C)
    .ARM.Collect$$rtentry$$0000000D          0x0800025a   Section        8  __rtentry2.o(.ARM.Collect$$rtentry$$0000000D)
    .ARM.Collect$$rtexit$$00000000           0x08000262   Section        2  rtexit.o(.ARM.Collect$$rtexit$$00000000)
    .ARM.Collect$$rtexit$$00000002           0x08000264   Section        0  rtexit2.o(.ARM.Collect$$rtexit$$00000002)
    .ARM.Collect$$rtexit$$00000003           0x08000264   Section        4  rtexit2.o(.ARM.Collect$$rtexit$$00000003)
    .ARM.Collect$$rtexit$$00000004           0x08000268   Section        6  rtexit2.o(.ARM.Collect$$rtexit$$00000004)
    $v0                                      0x08000270   Number         0  startup_stm32f401xe.o(.text)
    .text                                    0x08000270   Section       64  startup_stm32f401xe.o(.text)
    .text                                    0x080002b0   Section      240  lludivv7m.o(.text)
    .text                                    0x080003a0   Section        0  noretval__2sprintf.o(.text)
    .text                                    0x080003c8   Section        0  _printf_pad.o(.text)
    .text                                    0x08000416   Section        0  _printf_str.o(.text)
    .text                                    0x08000468   Section        0  _printf_dec.o(.text)
    .text                                    0x080004e0   Section        0  __printf_flags_wp.o(.text)
    .text                                    0x08000618   Section        0  strlen.o(.text)
    .text                                    0x08000656   Section      138  rt_memcpy_v6.o(.text)
    .text                                    0x080006e0   Section       16  aeabi_memset4.o(.text)
    .text                                    0x080006f0   Section       78  rt_memclr_w.o(.text)
    .text                                    0x08000740   Section      124  strcmpv7em.o(.text)
    .text                                    0x080007bc   Section        0  heapauxi.o(.text)
    .text                                    0x080007c2   Section        0  _printf_intcommon.o(.text)
    _printf_input_char                       0x08000875   Thumb Code    10  _printf_char_common.o(.text)
    .text                                    0x08000874   Section        0  _printf_char_common.o(.text)
    .text                                    0x080008a4   Section        0  _sputc.o(.text)
    .text                                    0x080008ae   Section        0  _printf_char.o(.text)
    .text                                    0x080008da   Section      100  rt_memcpy_w.o(.text)
    .text                                    0x0800093e   Section       74  sys_stackheap_outer.o(.text)
    .text                                    0x08000988   Section        0  exit.o(.text)
    .text                                    0x0800099c   Section        8  libspace.o(.text)
    .text                                    0x080009a4   Section        0  sys_exit.o(.text)
    .text                                    0x080009b0   Section        2  use_no_semi.o(.text)
    .text                                    0x080009b2   Section        0  indicate_semi.o(.text)
    [Anonymous Symbol]                       0x080009b4   Section        0  stm32f4xx_it.o(.text.BusFault_Handler)
    [Anonymous Symbol]                       0x080009b8   Section        0  ds3231_for_stm32_hal.o(.text.DS3231_EnableAlarm1)
    [Anonymous Symbol]                       0x08000a5c   Section        0  ds3231_for_stm32_hal.o(.text.DS3231_EnableAlarm2)
    [Anonymous Symbol]                       0x08000b00   Section        0  ds3231_for_stm32_hal.o(.text.DS3231_GetTime)
    [Anonymous Symbol]                       0x08000bb8   Section        0  ds3231_for_stm32_hal.o(.text.DS3231_Init)
    [Anonymous Symbol]                       0x08000ca4   Section        0  stm32f4xx_it.o(.text.DebugMon_Handler)
    [Anonymous Symbol]                       0x08000ca8   Section        0  stm32f4xx_it.o(.text.EXTI0_IRQHandler)
    [Anonymous Symbol]                       0x08000cb0   Section        0  stm32f4xx_it.o(.text.EXTI1_IRQHandler)
    [Anonymous Symbol]                       0x08000cb8   Section        0  stm32f4xx_it.o(.text.EXTI4_IRQHandler)
    [Anonymous Symbol]                       0x08000cc0   Section        0  main.o(.text.Error_Handler)
    [Anonymous Symbol]                       0x08000cc8   Section        0  stm32f4xx_hal.o(.text.HAL_Delay)
    [Anonymous Symbol]                       0x08000cf0   Section        0  stm32f4xx_hal_gpio.o(.text.HAL_GPIO_EXTI_Callback)
    [Anonymous Symbol]                       0x08000cf4   Section        0  stm32f4xx_hal_gpio.o(.text.HAL_GPIO_EXTI_IRQHandler)
    [Anonymous Symbol]                       0x08000d0c   Section        0  stm32f4xx_hal_gpio.o(.text.HAL_GPIO_Init)
    [Anonymous Symbol]                       0x08000eac   Section        0  stm32f4xx_hal_gpio.o(.text.HAL_GPIO_ReadPin)
    [Anonymous Symbol]                       0x08000eb8   Section        0  stm32f4xx_hal_gpio.o(.text.HAL_GPIO_WritePin)
    [Anonymous Symbol]                       0x08000ec4   Section        0  stm32f4xx_hal.o(.text.HAL_GetTick)
    [Anonymous Symbol]                       0x08000ed0   Section        0  stm32f4xx_hal_i2c.o(.text.HAL_I2C_Init)
    [Anonymous Symbol]                       0x08001034   Section        0  stm32f4xx_hal_i2c.o(.text.HAL_I2C_IsDeviceReady)
    [Anonymous Symbol]                       0x08001248   Section        0  stm32f4xx_hal_i2c.o(.text.HAL_I2C_Master_Receive)
    [Anonymous Symbol]                       0x08001564   Section        0  stm32f4xx_hal_i2c.o(.text.HAL_I2C_Master_Transmit)
    [Anonymous Symbol]                       0x08001740   Section        0  stm32f4xx_hal_msp.o(.text.HAL_I2C_MspInit)
    [Anonymous Symbol]                       0x080017b4   Section        0  stm32f4xx_hal.o(.text.HAL_IncTick)
    [Anonymous Symbol]                       0x080017d0   Section        0  stm32f4xx_hal.o(.text.HAL_Init)
    [Anonymous Symbol]                       0x08001808   Section        0  stm32f4xx_hal.o(.text.HAL_InitTick)
    [Anonymous Symbol]                       0x08001850   Section        0  stm32f4xx_hal_msp.o(.text.HAL_MspInit)
    [Anonymous Symbol]                       0x08001888   Section        0  stm32f4xx_hal_cortex.o(.text.HAL_NVIC_EnableIRQ)
    [Anonymous Symbol]                       0x080018ac   Section        0  stm32f4xx_hal_cortex.o(.text.HAL_NVIC_SetPriority)
    [Anonymous Symbol]                       0x08001904   Section        0  stm32f4xx_hal_cortex.o(.text.HAL_NVIC_SetPriorityGrouping)
    [Anonymous Symbol]                       0x08001924   Section        0  stm32f4xx_hal_rcc_ex.o(.text.HAL_RCCEx_PeriphCLKConfig)
    [Anonymous Symbol]                       0x08001a80   Section        0  stm32f4xx_hal_rcc.o(.text.HAL_RCC_ClockConfig)
    [Anonymous Symbol]                       0x08001be4   Section        0  stm32f4xx_hal_rcc.o(.text.HAL_RCC_GetPCLK1Freq)
    [Anonymous Symbol]                       0x08001c0c   Section        0  stm32f4xx_hal_rcc.o(.text.HAL_RCC_GetPCLK2Freq)
    [Anonymous Symbol]                       0x08001c34   Section        0  stm32f4xx_hal_rcc.o(.text.HAL_RCC_GetSysClockFreq)
    [Anonymous Symbol]                       0x08001ca4   Section        0  stm32f4xx_hal_rcc.o(.text.HAL_RCC_OscConfig)
    [Anonymous Symbol]                       0x08002050   Section        0  stm32f4xx_hal_rtc.o(.text.HAL_RTC_Init)
    [Anonymous Symbol]                       0x0800214c   Section        0  stm32f4xx_hal_msp.o(.text.HAL_RTC_MspInit)
    [Anonymous Symbol]                       0x08002198   Section        0  stm32f4xx_hal_cortex.o(.text.HAL_SYSTICK_Config)
    [Anonymous Symbol]                       0x080021c4   Section        0  stm32f4xx_hal_tim_ex.o(.text.HAL_TIMEx_MasterConfigSynchronization)
    [Anonymous Symbol]                       0x08002258   Section        0  stm32f4xx_hal_tim.o(.text.HAL_TIM_Base_Init)
    [Anonymous Symbol]                       0x080022b4   Section        0  stm32f4xx_hal_msp.o(.text.HAL_TIM_Base_MspInit)
    [Anonymous Symbol]                       0x080022e4   Section        0  stm32f4xx_hal_tim.o(.text.HAL_TIM_ConfigClockSource)
    [Anonymous Symbol]                       0x08002484   Section        0  stm32f4xx_hal_uart.o(.text.HAL_UART_Init)
    [Anonymous Symbol]                       0x080024e4   Section        0  stm32f4xx_hal_msp.o(.text.HAL_UART_MspInit)
    [Anonymous Symbol]                       0x0800255c   Section        0  stm32f4xx_hal_uart.o(.text.HAL_UART_Transmit)
    [Anonymous Symbol]                       0x080026f0   Section        0  stm32f4xx_it.o(.text.HardFault_Handler)
    I2C_WaitOnBTFFlagUntilTimeout            0x080026f5   Thumb Code   186  stm32f4xx_hal_i2c.o(.text.I2C_WaitOnBTFFlagUntilTimeout)
    [Anonymous Symbol]                       0x080026f4   Section        0  stm32f4xx_hal_i2c.o(.text.I2C_WaitOnBTFFlagUntilTimeout)
    I2C_WaitOnFlagUntilTimeout               0x080027b1   Thumb Code   458  stm32f4xx_hal_i2c.o(.text.I2C_WaitOnFlagUntilTimeout)
    [Anonymous Symbol]                       0x080027b0   Section        0  stm32f4xx_hal_i2c.o(.text.I2C_WaitOnFlagUntilTimeout)
    I2C_WaitOnMasterAddressFlagUntilTimeout  0x0800297d   Thumb Code   214  stm32f4xx_hal_i2c.o(.text.I2C_WaitOnMasterAddressFlagUntilTimeout)
    [Anonymous Symbol]                       0x0800297c   Section        0  stm32f4xx_hal_i2c.o(.text.I2C_WaitOnMasterAddressFlagUntilTimeout)
    I2C_WaitOnRXNEFlagUntilTimeout           0x08002a55   Thumb Code   144  stm32f4xx_hal_i2c.o(.text.I2C_WaitOnRXNEFlagUntilTimeout)
    [Anonymous Symbol]                       0x08002a54   Section        0  stm32f4xx_hal_i2c.o(.text.I2C_WaitOnRXNEFlagUntilTimeout)
    I2C_WaitOnTXEFlagUntilTimeout            0x08002ae5   Thumb Code   186  stm32f4xx_hal_i2c.o(.text.I2C_WaitOnTXEFlagUntilTimeout)
    [Anonymous Symbol]                       0x08002ae4   Section        0  stm32f4xx_hal_i2c.o(.text.I2C_WaitOnTXEFlagUntilTimeout)
    [Anonymous Symbol]                       0x08002ba0   Section        0  keypad.o(.text.KeyPad_Init)
    [Anonymous Symbol]                       0x08002c3c   Section        0  keypad.o(.text.KeyPad_Scan)
    [Anonymous Symbol]                       0x08002d30   Section        0  keypad.o(.text.KeyPad_WaitForKey)
    [Anonymous Symbol]                       0x08002d90   Section        0  keypad.o(.text.KeyPad_WaitForKeyGetChar)
    [Anonymous Symbol]                       0x08002e3c   Section        0  stm32f4xx_it.o(.text.MemManage_Handler)
    [Anonymous Symbol]                       0x08002e40   Section        0  stm32f4xx_it.o(.text.NMI_Handler)
    [Anonymous Symbol]                       0x08002e44   Section        0  stm32f4xx_it.o(.text.PendSV_Handler)
    [Anonymous Symbol]                       0x08002e48   Section        0  ssd1306.o(.text.SSD1306_Fill)
    [Anonymous Symbol]                       0x08002e64   Section        0  ssd1306.o(.text.SSD1306_GotoXY)
    [Anonymous Symbol]                       0x08002e74   Section        0  ssd1306.o(.text.SSD1306_Init)
    [Anonymous Symbol]                       0x08003178   Section        0  ssd1306.o(.text.SSD1306_Putc)
    [Anonymous Symbol]                       0x08003294   Section        0  ssd1306.o(.text.SSD1306_Puts)
    [Anonymous Symbol]                       0x080032cc   Section        0  ssd1306.o(.text.SSD1306_UpdateScreen)
    [Anonymous Symbol]                       0x0800336c   Section        0  stm32f4xx_it.o(.text.SVC_Handler)
    [Anonymous Symbol]                       0x08003370   Section        0  stm32f4xx_it.o(.text.SysTick_Handler)
    [Anonymous Symbol]                       0x08003374   Section        0  system_stm32f4xx_1.o(.text.SystemInit)
    [Anonymous Symbol]                       0x080033cc   Section        0  stm32f4xx_hal_tim.o(.text.TIM_Base_SetConfig)
    UART_SetConfig                           0x080034cd   Thumb Code   230  stm32f4xx_hal_uart.o(.text.UART_SetConfig)
    [Anonymous Symbol]                       0x080034cc   Section        0  stm32f4xx_hal_uart.o(.text.UART_SetConfig)
    [Anonymous Symbol]                       0x080035b4   Section        0  stm32f4xx_it.o(.text.UsageFault_Handler)
    [Anonymous Symbol]                       0x080035b8   Section        0  main.o(.text.main)
    i._is_digit                              0x08003c3c   Section        0  __printf_wp.o(i._is_digit)
    $v0                                      0x08003c4a   Number         0  fpinit.o(x$fpl$fpinit)
    x$fpl$fpinit                             0x08003c4a   Section       26  fpinit.o(x$fpl$fpinit)
    maptable                                 0x08003c64   Data          17  __printf_flags_wp.o(.constdata)
    .constdata                               0x08003c64   Section       17  __printf_flags_wp.o(.constdata)
    .L.str.10                                0x08005164   Data          11  main.o(.rodata.str1.1)
    [Anonymous Symbol]                       0x08005164   Section        0  main.o(.rodata.str1.1)
    .L.str.1                                 0x0800516f   Data          16  main.o(.rodata.str1.1)
    .L.str.4                                 0x0800517f   Data          13  main.o(.rodata.str1.1)
    .L.str                                   0x0800518c   Data          18  main.o(.rodata.str1.1)
    .L_MergedGlobals                         0x20000000   Data          28  keypad.o(.data..L_MergedGlobals)
    [Anonymous Symbol]                       0x20000000   Section        0  keypad.o(.data..L_MergedGlobals)
    .L_MergedGlobals                         0x2000001c   Data         104  main.o(.data..L_MergedGlobals)
    [Anonymous Symbol]                       0x2000001c   Section        0  main.o(.data..L_MergedGlobals)
    .L_MergedGlobals                         0x20000084   Data           8  stm32f4xx_hal.o(.data..L_MergedGlobals)
    [Anonymous Symbol]                       0x20000084   Section        0  stm32f4xx_hal.o(.data..L_MergedGlobals)
    .bss                                     0x200000a0   Section       96  libspace.o(.bss)
    .L_MergedGlobals                         0x20000100   Data           6  ssd1306.o(.bss..L_MergedGlobals)
    SSD1306.2                                0x20000100   Data           1  ssd1306.o(.bss..L_MergedGlobals)
    [Anonymous Symbol]                       0x20000100   Section        0  ssd1306.o(.bss..L_MergedGlobals)
    SSD1306.0                                0x20000102   Data           2  ssd1306.o(.bss..L_MergedGlobals)
    SSD1306.1                                0x20000104   Data           2  ssd1306.o(.bss..L_MergedGlobals)
    .L_MergedGlobals.12                      0x20000108   Data          88  main.o(.bss..L_MergedGlobals.12)
    [Anonymous Symbol]                       0x20000108   Section        0  main.o(.bss..L_MergedGlobals.12)
    SSD1306_Buffer                           0x20000164   Data        1024  ssd1306.o(.bss.SSD1306_Buffer)
    [Anonymous Symbol]                       0x20000164   Section        0  ssd1306.o(.bss.SSD1306_Buffer)
    Heap_Mem                                 0x20000650   Data         512  startup_stm32f401xe.o(HEAP)
    HEAP                                     0x20000650   Section      512  startup_stm32f401xe.o(HEAP)
    Stack_Mem                                0x20000850   Data        1024  startup_stm32f401xe.o(STACK)
    STACK                                    0x20000850   Section     1024  startup_stm32f401xe.o(STACK)
    __initial_sp                             0x20000c50   Data           0  startup_stm32f401xe.o(STACK)

    Global Symbols

    Symbol Name                              Value     Ov Type        Size  Object(Section)

    BuildAttributes$$THM_ISAv4$E$P$D$K$B$S$7EM$VFPi3$EXTD16$VFPS$VFMA$PE$A:L22UL41UL21$X:L11$S22US41US21$IEEE1$IW$~IW$USESV6$~STKCKD$USESV7$~SHL$OTIME$ROPI$EBA8$UX$STANDARDLIB$REQ8$PRES8$EABIv2 0x00000000   Number         0  anon$$obj.o ABSOLUTE
    _printf_flags                            0x00000000   Number         0  printf_stubs.o ABSOLUTE
    _printf_return_value                     0x00000000   Number         0  printf_stubs.o ABSOLUTE
    _printf_sizespec                         0x00000000   Number         0  printf_stubs.o ABSOLUTE
    _printf_widthprec                        0x00000000   Number         0  printf_stubs.o ABSOLUTE
    __ARM_exceptions_init                     - Undefined Weak Reference
    __alloca_initialize                       - Undefined Weak Reference
    __arm_preinit_                            - Undefined Weak Reference
    __arm_relocate_pie_                       - Undefined Weak Reference
    __cpp_initialize__aeabi_                  - Undefined Weak Reference
    __cxa_finalize                            - Undefined Weak Reference
    __rt_locale                               - Undefined Weak Reference
    __sigvec_lookup                           - Undefined Weak Reference
    _atexit_init                              - Undefined Weak Reference
    _call_atexit_fns                          - Undefined Weak Reference
    _clock_init                               - Undefined Weak Reference
    _fp_trap_init                             - Undefined Weak Reference
    _fp_trap_shutdown                         - Undefined Weak Reference
    _get_lc_collate                           - Undefined Weak Reference
    _get_lc_ctype                             - Undefined Weak Reference
    _get_lc_monetary                          - Undefined Weak Reference
    _get_lc_numeric                           - Undefined Weak Reference
    _get_lc_time                              - Undefined Weak Reference
    _getenv_init                              - Undefined Weak Reference
    _handle_redirection                       - Undefined Weak Reference
    _init_alloc                               - Undefined Weak Reference
    _init_user_alloc                          - Undefined Weak Reference
    _initio                                   - Undefined Weak Reference
    _printf_mbtowc                            - Undefined Weak Reference
    _printf_truncate_signed                   - Undefined Weak Reference
    _printf_truncate_unsigned                 - Undefined Weak Reference
    _rand_init                                - Undefined Weak Reference
    _signal_finish                            - Undefined Weak Reference
    _signal_init                              - Undefined Weak Reference
    _terminate_alloc                          - Undefined Weak Reference
    _terminate_user_alloc                     - Undefined Weak Reference
    _terminateio                              - Undefined Weak Reference
    __Vectors_Size                           0x00000194   Number         0  startup_stm32f401xe.o ABSOLUTE
    __Vectors                                0x08000000   Data           4  startup_stm32f401xe.o(RESET)
    __Vectors_End                            0x08000194   Data           0  startup_stm32f401xe.o(RESET)
    __main                                   0x08000195   Thumb Code     8  __main.o(!!!main)
    __scatterload                            0x0800019d   Thumb Code     0  __scatter.o(!!!scatter)
    __scatterload_rt2                        0x0800019d   Thumb Code    84  __scatter.o(!!!scatter)
    __scatterload_rt2_thumb_only             0x0800019d   Thumb Code     0  __scatter.o(!!!scatter)
    __scatterload_loop                       0x080001a7   Thumb Code     0  __scatter.o(!!!scatter)
    __scatterload_copy                       0x080001f9   Thumb Code    26  __scatter_copy.o(!!handler_copy)
    __scatterload_null                       0x08000215   Thumb Code     2  __scatter.o(!!handler_null)
    __scatterload_zeroinit                   0x08000219   Thumb Code    28  __scatter_zi.o(!!handler_zi)
    _printf_d                                0x08000235   Thumb Code     0  _printf_d.o(.ARM.Collect$$_printf_percent$$00000009)
    _printf_percent                          0x08000235   Thumb Code     0  _printf_percent.o(.ARM.Collect$$_printf_percent$$00000000)
    _printf_s                                0x0800023b   Thumb Code     0  _printf_s.o(.ARM.Collect$$_printf_percent$$00000014)
    _printf_percent_end                      0x08000241   Thumb Code     0  _printf_percent_end.o(.ARM.Collect$$_printf_percent$$00000017)
    __rt_lib_init                            0x08000245   Thumb Code     0  libinit.o(.ARM.Collect$$libinit$$00000000)
    __rt_lib_init_fp_1                       0x08000247   Thumb Code     0  libinit2.o(.ARM.Collect$$libinit$$00000001)
    __rt_lib_init_alloca_1                   0x0800024b   Thumb Code     0  libinit2.o(.ARM.Collect$$libinit$$00000030)
    __rt_lib_init_argv_1                     0x0800024b   Thumb Code     0  libinit2.o(.ARM.Collect$$libinit$$0000002E)
    __rt_lib_init_atexit_1                   0x0800024b   Thumb Code     0  libinit2.o(.ARM.Collect$$libinit$$0000001D)
    __rt_lib_init_clock_1                    0x0800024b   Thumb Code     0  libinit2.o(.ARM.Collect$$libinit$$00000023)
    __rt_lib_init_cpp_1                      0x0800024b   Thumb Code     0  libinit2.o(.ARM.Collect$$libinit$$00000034)
    __rt_lib_init_exceptions_1               0x0800024b   Thumb Code     0  libinit2.o(.ARM.Collect$$libinit$$00000032)
    __rt_lib_init_fp_trap_1                  0x0800024b   Thumb Code     0  libinit2.o(.ARM.Collect$$libinit$$00000021)
    __rt_lib_init_getenv_1                   0x0800024b   Thumb Code     0  libinit2.o(.ARM.Collect$$libinit$$00000025)
    __rt_lib_init_heap_1                     0x0800024b   Thumb Code     0  libinit2.o(.ARM.Collect$$libinit$$0000000C)
    __rt_lib_init_lc_collate_1               0x0800024b   Thumb Code     0  libinit2.o(.ARM.Collect$$libinit$$00000013)
    __rt_lib_init_lc_ctype_1                 0x0800024b   Thumb Code     0  libinit2.o(.ARM.Collect$$libinit$$00000015)
    __rt_lib_init_lc_monetary_1              0x0800024b   Thumb Code     0  libinit2.o(.ARM.Collect$$libinit$$00000017)
    __rt_lib_init_lc_numeric_1               0x0800024b   Thumb Code     0  libinit2.o(.ARM.Collect$$libinit$$00000019)
    __rt_lib_init_lc_time_1                  0x0800024b   Thumb Code     0  libinit2.o(.ARM.Collect$$libinit$$0000001B)
    __rt_lib_init_preinit_1                  0x0800024b   Thumb Code     0  libinit2.o(.ARM.Collect$$libinit$$00000006)
    __rt_lib_init_rand_1                     0x0800024b   Thumb Code     0  libinit2.o(.ARM.Collect$$libinit$$00000010)
    __rt_lib_init_relocate_pie_1             0x0800024b   Thumb Code     0  libinit2.o(.ARM.Collect$$libinit$$00000004)
    __rt_lib_init_return                     0x0800024b   Thumb Code     0  libinit2.o(.ARM.Collect$$libinit$$00000035)
    __rt_lib_init_signal_1                   0x0800024b   Thumb Code     0  libinit2.o(.ARM.Collect$$libinit$$0000001F)
    __rt_lib_init_stdio_1                    0x0800024b   Thumb Code     0  libinit2.o(.ARM.Collect$$libinit$$00000027)
    __rt_lib_init_user_alloc_1               0x0800024b   Thumb Code     0  libinit2.o(.ARM.Collect$$libinit$$0000000E)
    __rt_lib_shutdown                        0x0800024d   Thumb Code     0  libshutdown.o(.ARM.Collect$$libshutdown$$00000000)
    __rt_lib_shutdown_cpp_1                  0x0800024f   Thumb Code     0  libshutdown2.o(.ARM.Collect$$libshutdown$$00000002)
    __rt_lib_shutdown_fp_trap_1              0x0800024f   Thumb Code     0  libshutdown2.o(.ARM.Collect$$libshutdown$$00000007)
    __rt_lib_shutdown_heap_1                 0x0800024f   Thumb Code     0  libshutdown2.o(.ARM.Collect$$libshutdown$$0000000F)
    __rt_lib_shutdown_return                 0x0800024f   Thumb Code     0  libshutdown2.o(.ARM.Collect$$libshutdown$$00000010)
    __rt_lib_shutdown_signal_1               0x0800024f   Thumb Code     0  libshutdown2.o(.ARM.Collect$$libshutdown$$0000000A)
    __rt_lib_shutdown_stdio_1                0x0800024f   Thumb Code     0  libshutdown2.o(.ARM.Collect$$libshutdown$$00000004)
    __rt_lib_shutdown_user_alloc_1           0x0800024f   Thumb Code     0  libshutdown2.o(.ARM.Collect$$libshutdown$$0000000C)
    __rt_entry                               0x08000251   Thumb Code     0  __rtentry.o(.ARM.Collect$$rtentry$$00000000)
    __rt_entry_presh_1                       0x08000251   Thumb Code     0  __rtentry2.o(.ARM.Collect$$rtentry$$00000002)
    __rt_entry_sh                            0x08000251   Thumb Code     0  __rtentry4.o(.ARM.Collect$$rtentry$$00000004)
    __rt_entry_li                            0x08000257   Thumb Code     0  __rtentry2.o(.ARM.Collect$$rtentry$$0000000A)
    __rt_entry_postsh_1                      0x08000257   Thumb Code     0  __rtentry2.o(.ARM.Collect$$rtentry$$00000009)
    __rt_entry_main                          0x0800025b   Thumb Code     0  __rtentry2.o(.ARM.Collect$$rtentry$$0000000D)
    __rt_entry_postli_1                      0x0800025b   Thumb Code     0  __rtentry2.o(.ARM.Collect$$rtentry$$0000000C)
    __rt_exit                                0x08000263   Thumb Code     0  rtexit.o(.ARM.Collect$$rtexit$$00000000)
    __rt_exit_ls                             0x08000265   Thumb Code     0  rtexit2.o(.ARM.Collect$$rtexit$$00000003)
    __rt_exit_prels_1                        0x08000265   Thumb Code     0  rtexit2.o(.ARM.Collect$$rtexit$$00000002)
    __rt_exit_exit                           0x08000269   Thumb Code     0  rtexit2.o(.ARM.Collect$$rtexit$$00000004)
    Reset_Handler                            0x08000271   Thumb Code     8  startup_stm32f401xe.o(.text)
    ADC_IRQHandler                           0x0800028b   Thumb Code     0  startup_stm32f401xe.o(.text)
    DMA1_Stream0_IRQHandler                  0x0800028b   Thumb Code     0  startup_stm32f401xe.o(.text)
    DMA1_Stream1_IRQHandler                  0x0800028b   Thumb Code     0  startup_stm32f401xe.o(.text)
    DMA1_Stream2_IRQHandler                  0x0800028b   Thumb Code     0  startup_stm32f401xe.o(.text)
    DMA1_Stream3_IRQHandler                  0x0800028b   Thumb Code     0  startup_stm32f401xe.o(.text)
    DMA1_Stream4_IRQHandler                  0x0800028b   Thumb Code     0  startup_stm32f401xe.o(.text)
    DMA1_Stream5_IRQHandler                  0x0800028b   Thumb Code     0  startup_stm32f401xe.o(.text)
    DMA1_Stream6_IRQHandler                  0x0800028b   Thumb Code     0  startup_stm32f401xe.o(.text)
    DMA1_Stream7_IRQHandler                  0x0800028b   Thumb Code     0  startup_stm32f401xe.o(.text)
    DMA2_Stream0_IRQHandler                  0x0800028b   Thumb Code     0  startup_stm32f401xe.o(.text)
    DMA2_Stream1_IRQHandler                  0x0800028b   Thumb Code     0  startup_stm32f401xe.o(.text)
    DMA2_Stream2_IRQHandler                  0x0800028b   Thumb Code     0  startup_stm32f401xe.o(.text)
    DMA2_Stream3_IRQHandler                  0x0800028b   Thumb Code     0  startup_stm32f401xe.o(.text)
    DMA2_Stream4_IRQHandler                  0x0800028b   Thumb Code     0  startup_stm32f401xe.o(.text)
    DMA2_Stream5_IRQHandler                  0x0800028b   Thumb Code     0  startup_stm32f401xe.o(.text)
    DMA2_Stream6_IRQHandler                  0x0800028b   Thumb Code     0  startup_stm32f401xe.o(.text)
    DMA2_Stream7_IRQHandler                  0x0800028b   Thumb Code     0  startup_stm32f401xe.o(.text)
    EXTI15_10_IRQHandler                     0x0800028b   Thumb Code     0  startup_stm32f401xe.o(.text)
    EXTI2_IRQHandler                         0x0800028b   Thumb Code     0  startup_stm32f401xe.o(.text)
    EXTI3_IRQHandler                         0x0800028b   Thumb Code     0  startup_stm32f401xe.o(.text)
    EXTI9_5_IRQHandler                       0x0800028b   Thumb Code     0  startup_stm32f401xe.o(.text)
    FLASH_IRQHandler                         0x0800028b   Thumb Code     0  startup_stm32f401xe.o(.text)
    FPU_IRQHandler                           0x0800028b   Thumb Code     0  startup_stm32f401xe.o(.text)
    I2C1_ER_IRQHandler                       0x0800028b   Thumb Code     0  startup_stm32f401xe.o(.text)
    I2C1_EV_IRQHandler                       0x0800028b   Thumb Code     0  startup_stm32f401xe.o(.text)
    I2C2_ER_IRQHandler                       0x0800028b   Thumb Code     0  startup_stm32f401xe.o(.text)
    I2C2_EV_IRQHandler                       0x0800028b   Thumb Code     0  startup_stm32f401xe.o(.text)
    I2C3_ER_IRQHandler                       0x0800028b   Thumb Code     0  startup_stm32f401xe.o(.text)
    I2C3_EV_IRQHandler                       0x0800028b   Thumb Code     0  startup_stm32f401xe.o(.text)
    OTG_FS_IRQHandler                        0x0800028b   Thumb Code     0  startup_stm32f401xe.o(.text)
    OTG_FS_WKUP_IRQHandler                   0x0800028b   Thumb Code     0  startup_stm32f401xe.o(.text)
    PVD_IRQHandler                           0x0800028b   Thumb Code     0  startup_stm32f401xe.o(.text)
    RCC_IRQHandler                           0x0800028b   Thumb Code     0  startup_stm32f401xe.o(.text)
    RTC_Alarm_IRQHandler                     0x0800028b   Thumb Code     0  startup_stm32f401xe.o(.text)
    RTC_WKUP_IRQHandler                      0x0800028b   Thumb Code     0  startup_stm32f401xe.o(.text)
    SDIO_IRQHandler                          0x0800028b   Thumb Code     0  startup_stm32f401xe.o(.text)
    SPI1_IRQHandler                          0x0800028b   Thumb Code     0  startup_stm32f401xe.o(.text)
    SPI2_IRQHandler                          0x0800028b   Thumb Code     0  startup_stm32f401xe.o(.text)
    SPI3_IRQHandler                          0x0800028b   Thumb Code     0  startup_stm32f401xe.o(.text)
    SPI4_IRQHandler                          0x0800028b   Thumb Code     0  startup_stm32f401xe.o(.text)
    TAMP_STAMP_IRQHandler                    0x0800028b   Thumb Code     0  startup_stm32f401xe.o(.text)
    TIM1_BRK_TIM9_IRQHandler                 0x0800028b   Thumb Code     0  startup_stm32f401xe.o(.text)
    TIM1_CC_IRQHandler                       0x0800028b   Thumb Code     0  startup_stm32f401xe.o(.text)
    TIM1_TRG_COM_TIM11_IRQHandler            0x0800028b   Thumb Code     0  startup_stm32f401xe.o(.text)
    TIM1_UP_TIM10_IRQHandler                 0x0800028b   Thumb Code     0  startup_stm32f401xe.o(.text)
    TIM2_IRQHandler                          0x0800028b   Thumb Code     0  startup_stm32f401xe.o(.text)
    TIM3_IRQHandler                          0x0800028b   Thumb Code     0  startup_stm32f401xe.o(.text)
    TIM4_IRQHandler                          0x0800028b   Thumb Code     0  startup_stm32f401xe.o(.text)
    TIM5_IRQHandler                          0x0800028b   Thumb Code     0  startup_stm32f401xe.o(.text)
    USART1_IRQHandler                        0x0800028b   Thumb Code     0  startup_stm32f401xe.o(.text)
    USART2_IRQHandler                        0x0800028b   Thumb Code     0  startup_stm32f401xe.o(.text)
    USART6_IRQHandler                        0x0800028b   Thumb Code     0  startup_stm32f401xe.o(.text)
    WWDG_IRQHandler                          0x0800028b   Thumb Code     0  startup_stm32f401xe.o(.text)
    __user_initial_stackheap                 0x0800028d   Thumb Code     0  startup_stm32f401xe.o(.text)
    __aeabi_uldivmod                         0x080002b1   Thumb Code     0  lludivv7m.o(.text)
    _ll_udiv                                 0x080002b1   Thumb Code   240  lludivv7m.o(.text)
    __2sprintf                               0x080003a1   Thumb Code    34  noretval__2sprintf.o(.text)
    _printf_pre_padding                      0x080003c9   Thumb Code    44  _printf_pad.o(.text)
    _printf_post_padding                     0x080003f5   Thumb Code    34  _printf_pad.o(.text)
    _printf_str                              0x08000417   Thumb Code    82  _printf_str.o(.text)
    _printf_int_dec                          0x08000469   Thumb Code   104  _printf_dec.o(.text)
    __printf                                 0x080004e1   Thumb Code   308  __printf_flags_wp.o(.text)
    strlen                                   0x08000619   Thumb Code    62  strlen.o(.text)
    __aeabi_memcpy                           0x08000657   Thumb Code     0  rt_memcpy_v6.o(.text)
    __rt_memcpy                              0x08000657   Thumb Code   138  rt_memcpy_v6.o(.text)
    _memcpy_lastbytes                        0x080006bd   Thumb Code     0  rt_memcpy_v6.o(.text)
    __aeabi_memset4                          0x080006e1   Thumb Code    16  aeabi_memset4.o(.text)
    __aeabi_memset8                          0x080006e1   Thumb Code     0  aeabi_memset4.o(.text)
    __aeabi_memclr4                          0x080006f1   Thumb Code     0  rt_memclr_w.o(.text)
    __aeabi_memclr8                          0x080006f1   Thumb Code     0  rt_memclr_w.o(.text)
    __rt_memclr_w                            0x080006f1   Thumb Code     0  rt_memclr_w.o(.text)
    _memset_w                                0x080006f5   Thumb Code    74  rt_memclr_w.o(.text)
    strcmp                                   0x08000741   Thumb Code   124  strcmpv7em.o(.text)
    __use_two_region_memory                  0x080007bd   Thumb Code     2  heapauxi.o(.text)
    __rt_heap_escrow$2region                 0x080007bf   Thumb Code     2  heapauxi.o(.text)
    __rt_heap_expand$2region                 0x080007c1   Thumb Code     2  heapauxi.o(.text)
    _printf_int_common                       0x080007c3   Thumb Code   178  _printf_intcommon.o(.text)
    _printf_char_common                      0x0800087f   Thumb Code    32  _printf_char_common.o(.text)
    _sputc                                   0x080008a5   Thumb Code    10  _sputc.o(.text)
    _printf_cs_common                        0x080008af   Thumb Code    20  _printf_char.o(.text)
    _printf_char                             0x080008c3   Thumb Code    16  _printf_char.o(.text)
    _printf_string                           0x080008d3   Thumb Code     8  _printf_char.o(.text)
    __aeabi_memcpy4                          0x080008db   Thumb Code     0  rt_memcpy_w.o(.text)
    __aeabi_memcpy8                          0x080008db   Thumb Code     0  rt_memcpy_w.o(.text)
    __rt_memcpy_w                            0x080008db   Thumb Code   100  rt_memcpy_w.o(.text)
    _memcpy_lastbytes_aligned                0x08000923   Thumb Code     0  rt_memcpy_w.o(.text)
    __user_setup_stackheap                   0x0800093f   Thumb Code    74  sys_stackheap_outer.o(.text)
    exit                                     0x08000989   Thumb Code    18  exit.o(.text)
    __user_libspace                          0x0800099d   Thumb Code     8  libspace.o(.text)
    __user_perproc_libspace                  0x0800099d   Thumb Code     0  libspace.o(.text)
    __user_perthread_libspace                0x0800099d   Thumb Code     0  libspace.o(.text)
    _sys_exit                                0x080009a5   Thumb Code     8  sys_exit.o(.text)
    __I$use$semihosting                      0x080009b1   Thumb Code     0  use_no_semi.o(.text)
    __use_no_semihosting_swi                 0x080009b1   Thumb Code     2  use_no_semi.o(.text)
    __semihosting_library_function           0x080009b3   Thumb Code     0  indicate_semi.o(.text)
    BusFault_Handler                         0x080009b5   Thumb Code     2  stm32f4xx_it.o(.text.BusFault_Handler)
    DS3231_EnableAlarm1                      0x080009b9   Thumb Code   162  ds3231_for_stm32_hal.o(.text.DS3231_EnableAlarm1)
    DS3231_EnableAlarm2                      0x08000a5d   Thumb Code   164  ds3231_for_stm32_hal.o(.text.DS3231_EnableAlarm2)
    DS3231_GetTime                           0x08000b01   Thumb Code   184  ds3231_for_stm32_hal.o(.text.DS3231_GetTime)
    DS3231_Init                              0x08000bb9   Thumb Code   236  ds3231_for_stm32_hal.o(.text.DS3231_Init)
    DebugMon_Handler                         0x08000ca5   Thumb Code     2  stm32f4xx_it.o(.text.DebugMon_Handler)
    EXTI0_IRQHandler                         0x08000ca9   Thumb Code     6  stm32f4xx_it.o(.text.EXTI0_IRQHandler)
    EXTI1_IRQHandler                         0x08000cb1   Thumb Code     6  stm32f4xx_it.o(.text.EXTI1_IRQHandler)
    EXTI4_IRQHandler                         0x08000cb9   Thumb Code     6  stm32f4xx_it.o(.text.EXTI4_IRQHandler)
    Error_Handler                            0x08000cc1   Thumb Code     6  main.o(.text.Error_Handler)
    HAL_Delay                                0x08000cc9   Thumb Code    40  stm32f4xx_hal.o(.text.HAL_Delay)
    HAL_GPIO_EXTI_Callback                   0x08000cf1   Thumb Code     2  stm32f4xx_hal_gpio.o(.text.HAL_GPIO_EXTI_Callback)
    HAL_GPIO_EXTI_IRQHandler                 0x08000cf5   Thumb Code    22  stm32f4xx_hal_gpio.o(.text.HAL_GPIO_EXTI_IRQHandler)
    HAL_GPIO_Init                            0x08000d0d   Thumb Code   414  stm32f4xx_hal_gpio.o(.text.HAL_GPIO_Init)
    HAL_GPIO_ReadPin                         0x08000ead   Thumb Code    10  stm32f4xx_hal_gpio.o(.text.HAL_GPIO_ReadPin)
    HAL_GPIO_WritePin                        0x08000eb9   Thumb Code    10  stm32f4xx_hal_gpio.o(.text.HAL_GPIO_WritePin)
    HAL_GetTick                              0x08000ec5   Thumb Code    12  stm32f4xx_hal.o(.text.HAL_GetTick)
    HAL_I2C_Init                             0x08000ed1   Thumb Code   356  stm32f4xx_hal_i2c.o(.text.HAL_I2C_Init)
    HAL_I2C_IsDeviceReady                    0x08001035   Thumb Code   532  stm32f4xx_hal_i2c.o(.text.HAL_I2C_IsDeviceReady)
    HAL_I2C_Master_Receive                   0x08001249   Thumb Code   796  stm32f4xx_hal_i2c.o(.text.HAL_I2C_Master_Receive)
    HAL_I2C_Master_Transmit                  0x08001565   Thumb Code   476  stm32f4xx_hal_i2c.o(.text.HAL_I2C_Master_Transmit)
    HAL_I2C_MspInit                          0x08001741   Thumb Code   116  stm32f4xx_hal_msp.o(.text.HAL_I2C_MspInit)
    HAL_IncTick                              0x080017b5   Thumb Code    26  stm32f4xx_hal.o(.text.HAL_IncTick)
    HAL_Init                                 0x080017d1   Thumb Code    54  stm32f4xx_hal.o(.text.HAL_Init)
    HAL_InitTick                             0x08001809   Thumb Code    72  stm32f4xx_hal.o(.text.HAL_InitTick)
    HAL_MspInit                              0x08001851   Thumb Code    56  stm32f4xx_hal_msp.o(.text.HAL_MspInit)
    HAL_NVIC_EnableIRQ                       0x08001889   Thumb Code    34  stm32f4xx_hal_cortex.o(.text.HAL_NVIC_EnableIRQ)
    HAL_NVIC_SetPriority                     0x080018ad   Thumb Code    86  stm32f4xx_hal_cortex.o(.text.HAL_NVIC_SetPriority)
    HAL_NVIC_SetPriorityGrouping             0x08001905   Thumb Code    32  stm32f4xx_hal_cortex.o(.text.HAL_NVIC_SetPriorityGrouping)
    HAL_RCCEx_PeriphCLKConfig                0x08001925   Thumb Code   346  stm32f4xx_hal_rcc_ex.o(.text.HAL_RCCEx_PeriphCLKConfig)
    HAL_RCC_ClockConfig                      0x08001a81   Thumb Code   356  stm32f4xx_hal_rcc.o(.text.HAL_RCC_ClockConfig)
    HAL_RCC_GetPCLK1Freq                     0x08001be5   Thumb Code    38  stm32f4xx_hal_rcc.o(.text.HAL_RCC_GetPCLK1Freq)
    HAL_RCC_GetPCLK2Freq                     0x08001c0d   Thumb Code    38  stm32f4xx_hal_rcc.o(.text.HAL_RCC_GetPCLK2Freq)
    HAL_RCC_GetSysClockFreq                  0x08001c35   Thumb Code   110  stm32f4xx_hal_rcc.o(.text.HAL_RCC_GetSysClockFreq)
    HAL_RCC_OscConfig                        0x08001ca5   Thumb Code   940  stm32f4xx_hal_rcc.o(.text.HAL_RCC_OscConfig)
    HAL_RTC_Init                             0x08002051   Thumb Code   252  stm32f4xx_hal_rtc.o(.text.HAL_RTC_Init)
    HAL_RTC_MspInit                          0x0800214d   Thumb Code    76  stm32f4xx_hal_msp.o(.text.HAL_RTC_MspInit)
    HAL_SYSTICK_Config                       0x08002199   Thumb Code    44  stm32f4xx_hal_cortex.o(.text.HAL_SYSTICK_Config)
    HAL_TIMEx_MasterConfigSynchronization    0x080021c5   Thumb Code   148  stm32f4xx_hal_tim_ex.o(.text.HAL_TIMEx_MasterConfigSynchronization)
    HAL_TIM_Base_Init                        0x08002259   Thumb Code    90  stm32f4xx_hal_tim.o(.text.HAL_TIM_Base_Init)
    HAL_TIM_Base_MspInit                     0x080022b5   Thumb Code    46  stm32f4xx_hal_msp.o(.text.HAL_TIM_Base_MspInit)
    HAL_TIM_ConfigClockSource                0x080022e5   Thumb Code   416  stm32f4xx_hal_tim.o(.text.HAL_TIM_ConfigClockSource)
    HAL_UART_Init                            0x08002485   Thumb Code    96  stm32f4xx_hal_uart.o(.text.HAL_UART_Init)
    HAL_UART_MspInit                         0x080024e5   Thumb Code   118  stm32f4xx_hal_msp.o(.text.HAL_UART_MspInit)
    HAL_UART_Transmit                        0x0800255d   Thumb Code   402  stm32f4xx_hal_uart.o(.text.HAL_UART_Transmit)
    HardFault_Handler                        0x080026f1   Thumb Code     2  stm32f4xx_it.o(.text.HardFault_Handler)
    KeyPad_Init                              0x08002ba1   Thumb Code   156  keypad.o(.text.KeyPad_Init)
    KeyPad_Scan                              0x08002c3d   Thumb Code   242  keypad.o(.text.KeyPad_Scan)
    KeyPad_WaitForKey                        0x08002d31   Thumb Code    96  keypad.o(.text.KeyPad_WaitForKey)
    KeyPad_WaitForKeyGetChar                 0x08002d91   Thumb Code   172  keypad.o(.text.KeyPad_WaitForKeyGetChar)
    MemManage_Handler                        0x08002e3d   Thumb Code     2  stm32f4xx_it.o(.text.MemManage_Handler)
    NMI_Handler                              0x08002e41   Thumb Code     2  stm32f4xx_it.o(.text.NMI_Handler)
    PendSV_Handler                           0x08002e45   Thumb Code     2  stm32f4xx_it.o(.text.PendSV_Handler)
    SSD1306_Fill                             0x08002e49   Thumb Code    28  ssd1306.o(.text.SSD1306_Fill)
    SSD1306_GotoXY                           0x08002e65   Thumb Code    14  ssd1306.o(.text.SSD1306_GotoXY)
    SSD1306_Init                             0x08002e75   Thumb Code   772  ssd1306.o(.text.SSD1306_Init)
    SSD1306_Putc                             0x08003179   Thumb Code   282  ssd1306.o(.text.SSD1306_Putc)
    SSD1306_Puts                             0x08003295   Thumb Code    56  ssd1306.o(.text.SSD1306_Puts)
    SSD1306_UpdateScreen                     0x080032cd   Thumb Code   160  ssd1306.o(.text.SSD1306_UpdateScreen)
    SVC_Handler                              0x0800336d   Thumb Code     2  stm32f4xx_it.o(.text.SVC_Handler)
    SysTick_Handler                          0x08003371   Thumb Code     4  stm32f4xx_it.o(.text.SysTick_Handler)
    SystemInit                               0x08003375   Thumb Code    86  system_stm32f4xx_1.o(.text.SystemInit)
    TIM_Base_SetConfig                       0x080033cd   Thumb Code   254  stm32f4xx_hal_tim.o(.text.TIM_Base_SetConfig)
    UsageFault_Handler                       0x080035b5   Thumb Code     2  stm32f4xx_it.o(.text.UsageFault_Handler)
    main                                     0x080035b9   Thumb Code  1516  main.o(.text.main)
    _is_digit                                0x08003c3d   Thumb Code    14  __printf_wp.o(i._is_digit)
    _fp_init                                 0x08003c4b   Thumb Code    26  fpinit.o(x$fpl$fpinit)
    __fplib_config_fpu_vfp                   0x08003c63   Thumb Code     0  fpinit.o(x$fpl$fpinit)
    __fplib_config_pureend_doubles           0x08003c63   Thumb Code     0  fpinit.o(x$fpl$fpinit)
    AHBPrescTable                            0x08003c75   Data          16  system_stm32f4xx_1.o(.rodata.AHBPrescTable)
    APBPrescTable                            0x08003c85   Data           8  system_stm32f4xx_1.o(.rodata.APBPrescTable)
    Font11x18                                0x08003c8e   Data        3420  fonts.o(.rodata.Font11x18)
    Font7x10                                 0x080049ea   Data        1900  fonts.o(.rodata.Font7x10)
    _KEYPAD_COLUMN_GPIO_PIN                  0x08005156   Data           6  keypad.o(.rodata._KEYPAD_COLUMN_GPIO_PIN)
    _KEYPAD_ROW_GPIO_PIN                     0x0800515c   Data           8  keypad.o(.rodata._KEYPAD_ROW_GPIO_PIN)
    Region$$Table$$Base                      0x080051a0   Number         0  anon$$obj.o(Region$$Table)
    Region$$Table$$Limit                     0x080051c0   Number         0  anon$$obj.o(Region$$Table)
    _KEYPAD_COLUMN_GPIO_PORT                 0x20000000   Data          12  keypad.o(.data..L_MergedGlobals)
    _KEYPAD_ROW_GPIO_PORT                    0x2000000c   Data          16  keypad.o(.data..L_MergedGlobals)
    num_students                             0x2000001c   Data           1  main.o(.data..L_MergedGlobals)
    students                                 0x2000001e   Data         102  main.o(.data..L_MergedGlobals)
    uwTickFreq                               0x20000084   Data           1  stm32f4xx_hal.o(.data..L_MergedGlobals)
    uwTickPrio                               0x20000088   Data           4  stm32f4xx_hal.o(.data..L_MergedGlobals)
    Font_11x18                               0x2000008c   Data           8  fonts.o(.data.Font_11x18)
    Font_7x10                                0x20000094   Data           8  fonts.o(.data.Font_7x10)
    SystemCoreClock                          0x2000009c   Data           4  system_stm32f4xx_1.o(.data.SystemCoreClock)
    __libspace_start                         0x200000a0   Data          96  libspace.o(.bss)
    __temporary_stack_top$libspace           0x20000100   Data           0  libspace.o(.bss)
    key_index                                0x20000108   Data           1  main.o(.bss..L_MergedGlobals.12)
    key                                      0x20000109   Data           1  main.o(.bss..L_MergedGlobals.12)
    num_buffer                               0x20000110   Data           8  main.o(.bss..L_MergedGlobals.12)
    rtc_time                                 0x20000118   Data           8  main.o(.bss..L_MergedGlobals.12)
    text_buffer                              0x20000120   Data          32  main.o(.bss..L_MergedGlobals.12)
    hrtc                                     0x20000140   Data          32  main.o(.bss..L_MergedGlobals.12)
    KeyPad                                   0x20000160   Data           4  keypad.o(.bss.KeyPad)
    _ds3231_ui2c                             0x20000564   Data           4  ds3231_for_stm32_hal.o(.bss._ds3231_ui2c)
    hi2c1                                    0x20000568   Data          84  main.o(.bss.hi2c1)
    htim2                                    0x200005bc   Data          72  main.o(.bss.htim2)
    huart1                                   0x20000604   Data          72  main.o(.bss.huart1)
    uwTick                                   0x2000064c   Data           4  stm32f4xx_hal.o(.bss.uwTick)



==============================================================================

Memory Map of the image

  Image Entry point : 0x08000195

  Load Region LR_IROM1 (Base: 0x08000000, Size: 0x00005260, Max: 0x00080000, ABSOLUTE)

    Execution Region ER_IROM1 (Exec base: 0x08000000, Load base: 0x08000000, Size: 0x000051c0, Max: 0x00080000, ABSOLUTE)

    Exec Addr    Load Addr    Size         Type   Attr      Idx    E Section Name        Object

    0x08000000   0x08000000   0x00000194   Data   RO         1420    RESET               startup_stm32f401xe.o
    0x08000194   0x08000194   0x00000008   Code   RO         1493  * !!!main             c_w.l(__main.o)
    0x0800019c   0x0800019c   0x0000005c   Code   RO         1681    !!!scatter          c_w.l(__scatter.o)
    0x080001f8   0x080001f8   0x0000001a   Code   RO         1685    !!handler_copy      c_w.l(__scatter_copy.o)
    0x08000212   0x08000212   0x00000002   PAD
    0x08000214   0x08000214   0x00000002   Code   RO         1682    !!handler_null      c_w.l(__scatter.o)
    0x08000216   0x08000216   0x00000002   PAD
    0x08000218   0x08000218   0x0000001c   Code   RO         1687    !!handler_zi        c_w.l(__scatter_zi.o)
    0x08000234   0x08000234   0x00000000   Code   RO         1480    .ARM.Collect$$_printf_percent$$00000000  c_w.l(_printf_percent.o)
    0x08000234   0x08000234   0x00000006   Code   RO         1479    .ARM.Collect$$_printf_percent$$00000009  c_w.l(_printf_d.o)
    0x0800023a   0x0800023a   0x00000006   Code   RO         1478    .ARM.Collect$$_printf_percent$$00000014  c_w.l(_printf_s.o)
    0x08000240   0x08000240   0x00000004   Code   RO         1508    .ARM.Collect$$_printf_percent$$00000017  c_w.l(_printf_percent_end.o)
    0x08000244   0x08000244   0x00000002   Code   RO         1543    .ARM.Collect$$libinit$$00000000  c_w.l(libinit.o)
    0x08000246   0x08000246   0x00000004   Code   RO         1555    .ARM.Collect$$libinit$$00000001  c_w.l(libinit2.o)
    0x0800024a   0x0800024a   0x00000000   Code   RO         1558    .ARM.Collect$$libinit$$00000004  c_w.l(libinit2.o)
    0x0800024a   0x0800024a   0x00000000   Code   RO         1560    .ARM.Collect$$libinit$$00000006  c_w.l(libinit2.o)
    0x0800024a   0x0800024a   0x00000000   Code   RO         1563    .ARM.Collect$$libinit$$0000000C  c_w.l(libinit2.o)
    0x0800024a   0x0800024a   0x00000000   Code   RO         1565    .ARM.Collect$$libinit$$0000000E  c_w.l(libinit2.o)
    0x0800024a   0x0800024a   0x00000000   Code   RO         1567    .ARM.Collect$$libinit$$00000010  c_w.l(libinit2.o)
    0x0800024a   0x0800024a   0x00000000   Code   RO         1570    .ARM.Collect$$libinit$$00000013  c_w.l(libinit2.o)
    0x0800024a   0x0800024a   0x00000000   Code   RO         1572    .ARM.Collect$$libinit$$00000015  c_w.l(libinit2.o)
    0x0800024a   0x0800024a   0x00000000   Code   RO         1574    .ARM.Collect$$libinit$$00000017  c_w.l(libinit2.o)
    0x0800024a   0x0800024a   0x00000000   Code   RO         1576    .ARM.Collect$$libinit$$00000019  c_w.l(libinit2.o)
    0x0800024a   0x0800024a   0x00000000   Code   RO         1578    .ARM.Collect$$libinit$$0000001B  c_w.l(libinit2.o)
    0x0800024a   0x0800024a   0x00000000   Code   RO         1580    .ARM.Collect$$libinit$$0000001D  c_w.l(libinit2.o)
    0x0800024a   0x0800024a   0x00000000   Code   RO         1582    .ARM.Collect$$libinit$$0000001F  c_w.l(libinit2.o)
    0x0800024a   0x0800024a   0x00000000   Code   RO         1584    .ARM.Collect$$libinit$$00000021  c_w.l(libinit2.o)
    0x0800024a   0x0800024a   0x00000000   Code   RO         1586    .ARM.Collect$$libinit$$00000023  c_w.l(libinit2.o)
    0x0800024a   0x0800024a   0x00000000   Code   RO         1588    .ARM.Collect$$libinit$$00000025  c_w.l(libinit2.o)
    0x0800024a   0x0800024a   0x00000000   Code   RO         1590    .ARM.Collect$$libinit$$00000027  c_w.l(libinit2.o)
    0x0800024a   0x0800024a   0x00000000   Code   RO         1594    .ARM.Collect$$libinit$$0000002E  c_w.l(libinit2.o)
    0x0800024a   0x0800024a   0x00000000   Code   RO         1596    .ARM.Collect$$libinit$$00000030  c_w.l(libinit2.o)
    0x0800024a   0x0800024a   0x00000000   Code   RO         1598    .ARM.Collect$$libinit$$00000032  c_w.l(libinit2.o)
    0x0800024a   0x0800024a   0x00000000   Code   RO         1600    .ARM.Collect$$libinit$$00000034  c_w.l(libinit2.o)
    0x0800024a   0x0800024a   0x00000002   Code   RO         1601    .ARM.Collect$$libinit$$00000035  c_w.l(libinit2.o)
    0x0800024c   0x0800024c   0x00000002   Code   RO         1636    .ARM.Collect$$libshutdown$$00000000  c_w.l(libshutdown.o)
    0x0800024e   0x0800024e   0x00000000   Code   RO         1664    .ARM.Collect$$libshutdown$$00000002  c_w.l(libshutdown2.o)
    0x0800024e   0x0800024e   0x00000000   Code   RO         1666    .ARM.Collect$$libshutdown$$00000004  c_w.l(libshutdown2.o)
    0x0800024e   0x0800024e   0x00000000   Code   RO         1669    .ARM.Collect$$libshutdown$$00000007  c_w.l(libshutdown2.o)
    0x0800024e   0x0800024e   0x00000000   Code   RO         1672    .ARM.Collect$$libshutdown$$0000000A  c_w.l(libshutdown2.o)
    0x0800024e   0x0800024e   0x00000000   Code   RO         1674    .ARM.Collect$$libshutdown$$0000000C  c_w.l(libshutdown2.o)
    0x0800024e   0x0800024e   0x00000000   Code   RO         1677    .ARM.Collect$$libshutdown$$0000000F  c_w.l(libshutdown2.o)
    0x0800024e   0x0800024e   0x00000002   Code   RO         1678    .ARM.Collect$$libshutdown$$00000010  c_w.l(libshutdown2.o)
    0x08000250   0x08000250   0x00000000   Code   RO         1495    .ARM.Collect$$rtentry$$00000000  c_w.l(__rtentry.o)
    0x08000250   0x08000250   0x00000000   Code   RO         1512    .ARM.Collect$$rtentry$$00000002  c_w.l(__rtentry2.o)
    0x08000250   0x08000250   0x00000006   Code   RO         1524    .ARM.Collect$$rtentry$$00000004  c_w.l(__rtentry4.o)
    0x08000256   0x08000256   0x00000000   Code   RO         1514    .ARM.Collect$$rtentry$$00000009  c_w.l(__rtentry2.o)
    0x08000256   0x08000256   0x00000004   Code   RO         1515    .ARM.Collect$$rtentry$$0000000A  c_w.l(__rtentry2.o)
    0x0800025a   0x0800025a   0x00000000   Code   RO         1517    .ARM.Collect$$rtentry$$0000000C  c_w.l(__rtentry2.o)
    0x0800025a   0x0800025a   0x00000008   Code   RO         1518    .ARM.Collect$$rtentry$$0000000D  c_w.l(__rtentry2.o)
    0x08000262   0x08000262   0x00000002   Code   RO         1547    .ARM.Collect$$rtexit$$00000000  c_w.l(rtexit.o)
    0x08000264   0x08000264   0x00000000   Code   RO         1607    .ARM.Collect$$rtexit$$00000002  c_w.l(rtexit2.o)
    0x08000264   0x08000264   0x00000004   Code   RO         1608    .ARM.Collect$$rtexit$$00000003  c_w.l(rtexit2.o)
    0x08000268   0x08000268   0x00000006   Code   RO         1609    .ARM.Collect$$rtexit$$00000004  c_w.l(rtexit2.o)
    0x0800026e   0x0800026e   0x00000002   PAD
    0x08000270   0x08000270   0x00000040   Code   RO         1421    .text               startup_stm32f401xe.o
    0x080002b0   0x080002b0   0x000000f0   Code   RO         1444    .text               c_w.l(lludivv7m.o)
    0x080003a0   0x080003a0   0x00000028   Code   RO         1448    .text               c_w.l(noretval__2sprintf.o)
    0x080003c8   0x080003c8   0x0000004e   Code   RO         1452    .text               c_w.l(_printf_pad.o)
    0x08000416   0x08000416   0x00000052   Code   RO         1454    .text               c_w.l(_printf_str.o)
    0x08000468   0x08000468   0x00000078   Code   RO         1456    .text               c_w.l(_printf_dec.o)
    0x080004e0   0x080004e0   0x00000138   Code   RO         1470    .text               c_w.l(__printf_flags_wp.o)
    0x08000618   0x08000618   0x0000003e   Code   RO         1481    .text               c_w.l(strlen.o)
    0x08000656   0x08000656   0x0000008a   Code   RO         1483    .text               c_w.l(rt_memcpy_v6.o)
    0x080006e0   0x080006e0   0x00000010   Code   RO         1485    .text               c_w.l(aeabi_memset4.o)
    0x080006f0   0x080006f0   0x0000004e   Code   RO         1487    .text               c_w.l(rt_memclr_w.o)
    0x0800073e   0x0800073e   0x00000002   PAD
    0x08000740   0x08000740   0x0000007c   Code   RO         1489    .text               c_w.l(strcmpv7em.o)
    0x080007bc   0x080007bc   0x00000006   Code   RO         1491    .text               c_w.l(heapauxi.o)
    0x080007c2   0x080007c2   0x000000b2   Code   RO         1500    .text               c_w.l(_printf_intcommon.o)
    0x08000874   0x08000874   0x00000030   Code   RO         1502    .text               c_w.l(_printf_char_common.o)
    0x080008a4   0x080008a4   0x0000000a   Code   RO         1504    .text               c_w.l(_sputc.o)
    0x080008ae   0x080008ae   0x0000002c   Code   RO         1506    .text               c_w.l(_printf_char.o)
    0x080008da   0x080008da   0x00000064   Code   RO         1509    .text               c_w.l(rt_memcpy_w.o)
    0x0800093e   0x0800093e   0x0000004a   Code   RO         1530    .text               c_w.l(sys_stackheap_outer.o)
    0x08000988   0x08000988   0x00000012   Code   RO         1532    .text               c_w.l(exit.o)
    0x0800099a   0x0800099a   0x00000002   PAD
    0x0800099c   0x0800099c   0x00000008   Code   RO         1544    .text               c_w.l(libspace.o)
    0x080009a4   0x080009a4   0x0000000c   Code   RO         1602    .text               c_w.l(sys_exit.o)
    0x080009b0   0x080009b0   0x00000002   Code   RO         1625    .text               c_w.l(use_no_semi.o)
    0x080009b2   0x080009b2   0x00000000   Code   RO         1627    .text               c_w.l(indicate_semi.o)
    0x080009b2   0x080009b2   0x00000002   PAD
    0x080009b4   0x080009b4   0x00000002   Code   RO          242    .text.BusFault_Handler  stm32f4xx_it.o
    0x080009b6   0x080009b6   0x00000002   PAD
    0x080009b8   0x080009b8   0x000000a2   Code   RO            4    .text.DS3231_EnableAlarm1  ds3231_for_stm32_hal.o
    0x08000a5a   0x08000a5a   0x00000002   PAD
    0x08000a5c   0x08000a5c   0x000000a4   Code   RO            6    .text.DS3231_EnableAlarm2  ds3231_for_stm32_hal.o
    0x08000b00   0x08000b00   0x000000b8   Code   RO           96    .text.DS3231_GetTime  ds3231_for_stm32_hal.o
    0x08000bb8   0x08000bb8   0x000000ec   Code   RO            2    .text.DS3231_Init   ds3231_for_stm32_hal.o
    0x08000ca4   0x08000ca4   0x00000002   Code   RO          248    .text.DebugMon_Handler  stm32f4xx_it.o
    0x08000ca6   0x08000ca6   0x00000002   PAD
    0x08000ca8   0x08000ca8   0x00000006   Code   RO          254    .text.EXTI0_IRQHandler  stm32f4xx_it.o
    0x08000cae   0x08000cae   0x00000002   PAD
    0x08000cb0   0x08000cb0   0x00000006   Code   RO          256    .text.EXTI1_IRQHandler  stm32f4xx_it.o
    0x08000cb6   0x08000cb6   0x00000002   PAD
    0x08000cb8   0x08000cb8   0x00000006   Code   RO          258    .text.EXTI4_IRQHandler  stm32f4xx_it.o
    0x08000cbe   0x08000cbe   0x00000002   PAD
    0x08000cc0   0x08000cc0   0x00000006   Code   RO          218    .text.Error_Handler  main.o
    0x08000cc6   0x08000cc6   0x00000002   PAD
    0x08000cc8   0x08000cc8   0x00000028   Code   RO          774    .text.HAL_Delay     stm32f4xx_hal.o
    0x08000cf0   0x08000cf0   0x00000002   Code   RO          575    .text.HAL_GPIO_EXTI_Callback  stm32f4xx_hal_gpio.o
    0x08000cf2   0x08000cf2   0x00000002   PAD
    0x08000cf4   0x08000cf4   0x00000016   Code   RO          573    .text.HAL_GPIO_EXTI_IRQHandler  stm32f4xx_hal_gpio.o
    0x08000d0a   0x08000d0a   0x00000002   PAD
    0x08000d0c   0x08000d0c   0x0000019e   Code   RO          561    .text.HAL_GPIO_Init  stm32f4xx_hal_gpio.o
    0x08000eaa   0x08000eaa   0x00000002   PAD
    0x08000eac   0x08000eac   0x0000000a   Code   RO          565    .text.HAL_GPIO_ReadPin  stm32f4xx_hal_gpio.o
    0x08000eb6   0x08000eb6   0x00000002   PAD
    0x08000eb8   0x08000eb8   0x0000000a   Code   RO          567    .text.HAL_GPIO_WritePin  stm32f4xx_hal_gpio.o
    0x08000ec2   0x08000ec2   0x00000002   PAD
    0x08000ec4   0x08000ec4   0x0000000c   Code   RO          766    .text.HAL_GetTick   stm32f4xx_hal.o
    0x08000ed0   0x08000ed0   0x00000164   Code   RO          293    .text.HAL_I2C_Init  stm32f4xx_hal_i2c.o
    0x08001034   0x08001034   0x00000214   Code   RO          353    .text.HAL_I2C_IsDeviceReady  stm32f4xx_hal_i2c.o
    0x08001248   0x08001248   0x0000031c   Code   RO          309    .text.HAL_I2C_Master_Receive  stm32f4xx_hal_i2c.o
    0x08001564   0x08001564   0x000001dc   Code   RO          301    .text.HAL_I2C_Master_Transmit  stm32f4xx_hal_i2c.o
    0x08001740   0x08001740   0x00000074   Code   RO          269    .text.HAL_I2C_MspInit  stm32f4xx_hal_msp.o
    0x080017b4   0x080017b4   0x0000001a   Code   RO          764    .text.HAL_IncTick   stm32f4xx_hal.o
    0x080017ce   0x080017ce   0x00000002   PAD
    0x080017d0   0x080017d0   0x00000036   Code   RO          754    .text.HAL_Init      stm32f4xx_hal.o
    0x08001806   0x08001806   0x00000002   PAD
    0x08001808   0x08001808   0x00000048   Code   RO          756    .text.HAL_InitTick  stm32f4xx_hal.o
    0x08001850   0x08001850   0x00000038   Code   RO          267    .text.HAL_MspInit   stm32f4xx_hal_msp.o
    0x08001888   0x08001888   0x00000022   Code   RO          706    .text.HAL_NVIC_EnableIRQ  stm32f4xx_hal_cortex.o
    0x080018aa   0x080018aa   0x00000002   PAD
    0x080018ac   0x080018ac   0x00000056   Code   RO          704    .text.HAL_NVIC_SetPriority  stm32f4xx_hal_cortex.o
    0x08001902   0x08001902   0x00000002   PAD
    0x08001904   0x08001904   0x00000020   Code   RO          702    .text.HAL_NVIC_SetPriorityGrouping  stm32f4xx_hal_cortex.o
    0x08001924   0x08001924   0x0000015a   Code   RO          479    .text.HAL_RCCEx_PeriphCLKConfig  stm32f4xx_hal_rcc_ex.o
    0x08001a7e   0x08001a7e   0x00000002   PAD
    0x08001a80   0x08001a80   0x00000164   Code   RO          447    .text.HAL_RCC_ClockConfig  stm32f4xx_hal_rcc.o
    0x08001be4   0x08001be4   0x00000026   Code   RO          459    .text.HAL_RCC_GetPCLK1Freq  stm32f4xx_hal_rcc.o
    0x08001c0a   0x08001c0a   0x00000002   PAD
    0x08001c0c   0x08001c0c   0x00000026   Code   RO          461    .text.HAL_RCC_GetPCLK2Freq  stm32f4xx_hal_rcc.o
    0x08001c32   0x08001c32   0x00000002   PAD
    0x08001c34   0x08001c34   0x0000006e   Code   RO          449    .text.HAL_RCC_GetSysClockFreq  stm32f4xx_hal_rcc.o
    0x08001ca2   0x08001ca2   0x00000002   PAD
    0x08001ca4   0x08001ca4   0x000003ac   Code   RO          445    .text.HAL_RCC_OscConfig  stm32f4xx_hal_rcc.o
    0x08002050   0x08002050   0x000000fc   Code   RO          844    .text.HAL_RTC_Init  stm32f4xx_hal_rtc.o
    0x0800214c   0x0800214c   0x0000004c   Code   RO          273    .text.HAL_RTC_MspInit  stm32f4xx_hal_msp.o
    0x08002198   0x08002198   0x0000002c   Code   RO          714    .text.HAL_SYSTICK_Config  stm32f4xx_hal_cortex.o
    0x080021c4   0x080021c4   0x00000094   Code   RO         1273    .text.HAL_TIMEx_MasterConfigSynchronization  stm32f4xx_hal_tim_ex.o
    0x08002258   0x08002258   0x0000005a   Code   RO          978    .text.HAL_TIM_Base_Init  stm32f4xx_hal_tim.o
    0x080022b2   0x080022b2   0x00000002   PAD
    0x080022b4   0x080022b4   0x0000002e   Code   RO          277    .text.HAL_TIM_Base_MspInit  stm32f4xx_hal_msp.o
    0x080022e2   0x080022e2   0x00000002   PAD
    0x080022e4   0x080022e4   0x000001a0   Code   RO         1158    .text.HAL_TIM_ConfigClockSource  stm32f4xx_hal_tim.o
    0x08002484   0x08002484   0x00000060   Code   RO         1297    .text.HAL_UART_Init  stm32f4xx_hal_uart.o
    0x080024e4   0x080024e4   0x00000076   Code   RO          281    .text.HAL_UART_MspInit  stm32f4xx_hal_msp.o
    0x0800255a   0x0800255a   0x00000002   PAD
    0x0800255c   0x0800255c   0x00000192   Code   RO         1313    .text.HAL_UART_Transmit  stm32f4xx_hal_uart.o
    0x080026ee   0x080026ee   0x00000002   PAD
    0x080026f0   0x080026f0   0x00000002   Code   RO          238    .text.HardFault_Handler  stm32f4xx_it.o
    0x080026f2   0x080026f2   0x00000002   PAD
    0x080026f4   0x080026f4   0x000000ba   Code   RO          307    .text.I2C_WaitOnBTFFlagUntilTimeout  stm32f4xx_hal_i2c.o
    0x080027ae   0x080027ae   0x00000002   PAD
    0x080027b0   0x080027b0   0x000001ca   Code   RO          303    .text.I2C_WaitOnFlagUntilTimeout  stm32f4xx_hal_i2c.o
    0x0800297a   0x0800297a   0x00000002   PAD
    0x0800297c   0x0800297c   0x000000d6   Code   RO          421    .text.I2C_WaitOnMasterAddressFlagUntilTimeout  stm32f4xx_hal_i2c.o
    0x08002a52   0x08002a52   0x00000002   PAD
    0x08002a54   0x08002a54   0x00000090   Code   RO          311    .text.I2C_WaitOnRXNEFlagUntilTimeout  stm32f4xx_hal_i2c.o
    0x08002ae4   0x08002ae4   0x000000ba   Code   RO          305    .text.I2C_WaitOnTXEFlagUntilTimeout  stm32f4xx_hal_i2c.o
    0x08002b9e   0x08002b9e   0x00000002   PAD
    0x08002ba0   0x08002ba0   0x0000009c   Code   RO          122    .text.KeyPad_Init   keypad.o
    0x08002c3c   0x08002c3c   0x000000f2   Code   RO          124    .text.KeyPad_Scan   keypad.o
    0x08002d2e   0x08002d2e   0x00000002   PAD
    0x08002d30   0x08002d30   0x00000060   Code   RO          126    .text.KeyPad_WaitForKey  keypad.o
    0x08002d90   0x08002d90   0x000000ac   Code   RO          128    .text.KeyPad_WaitForKeyGetChar  keypad.o
    0x08002e3c   0x08002e3c   0x00000002   Code   RO          240    .text.MemManage_Handler  stm32f4xx_it.o
    0x08002e3e   0x08002e3e   0x00000002   PAD
    0x08002e40   0x08002e40   0x00000002   Code   RO          236    .text.NMI_Handler   stm32f4xx_it.o
    0x08002e42   0x08002e42   0x00000002   PAD
    0x08002e44   0x08002e44   0x00000002   Code   RO          250    .text.PendSV_Handler  stm32f4xx_it.o
    0x08002e46   0x08002e46   0x00000002   PAD
    0x08002e48   0x08002e48   0x0000001c   Code   RO          162    .text.SSD1306_Fill  ssd1306.o
    0x08002e64   0x08002e64   0x0000000e   Code   RO          170    .text.SSD1306_GotoXY  ssd1306.o
    0x08002e72   0x08002e72   0x00000002   PAD
    0x08002e74   0x08002e74   0x00000304   Code   RO          160    .text.SSD1306_Init  ssd1306.o
    0x08003178   0x08003178   0x0000011a   Code   RO          172    .text.SSD1306_Putc  ssd1306.o
    0x08003292   0x08003292   0x00000002   PAD
    0x08003294   0x08003294   0x00000038   Code   RO          174    .text.SSD1306_Puts  ssd1306.o
    0x080032cc   0x080032cc   0x000000a0   Code   RO          164    .text.SSD1306_UpdateScreen  ssd1306.o
    0x0800336c   0x0800336c   0x00000002   Code   RO          246    .text.SVC_Handler   stm32f4xx_it.o
    0x0800336e   0x0800336e   0x00000002   PAD
    0x08003370   0x08003370   0x00000004   Code   RO          252    .text.SysTick_Handler  stm32f4xx_it.o
    0x08003374   0x08003374   0x00000056   Code   RO         1428    .text.SystemInit    system_stm32f4xx_1.o
    0x080033ca   0x080033ca   0x00000002   PAD
    0x080033cc   0x080033cc   0x000000fe   Code   RO          982    .text.TIM_Base_SetConfig  stm32f4xx_hal_tim.o
    0x080034ca   0x080034ca   0x00000002   PAD
    0x080034cc   0x080034cc   0x000000e6   Code   RO         1301    .text.UART_SetConfig  stm32f4xx_hal_uart.o
    0x080035b2   0x080035b2   0x00000002   PAD
    0x080035b4   0x080035b4   0x00000002   Code   RO          244    .text.UsageFault_Handler  stm32f4xx_it.o
    0x080035b6   0x080035b6   0x00000002   PAD
    0x080035b8   0x080035b8   0x00000684   Code   RO          208    .text.main          main.o
    0x08003c3c   0x08003c3c   0x0000000e   Code   RO         1468    i._is_digit         c_w.l(__printf_wp.o)
    0x08003c4a   0x08003c4a   0x0000001a   Code   RO         1619    x$fpl$fpinit        fz_wm.l(fpinit.o)
    0x08003c64   0x08003c64   0x00000011   Data   RO         1471    .constdata          c_w.l(__printf_flags_wp.o)
    0x08003c75   0x08003c75   0x00000010   Data   RO         1433    .rodata.AHBPrescTable  system_stm32f4xx_1.o
    0x08003c85   0x08003c85   0x00000008   Data   RO         1434    .rodata.APBPrescTable  system_stm32f4xx_1.o
    0x08003c8d   0x08003c8d   0x00000001   PAD
    0x08003c8e   0x08003c8e   0x00000d5c   Data   RO          110    .rodata.Font11x18   fonts.o
    0x080049ea   0x080049ea   0x0000076c   Data   RO          109    .rodata.Font7x10    fonts.o
    0x08005156   0x08005156   0x00000006   Data   RO          130    .rodata._KEYPAD_COLUMN_GPIO_PIN  keypad.o
    0x0800515c   0x0800515c   0x00000008   Data   RO          131    .rodata._KEYPAD_ROW_GPIO_PIN  keypad.o
    0x08005164   0x08005164   0x0000003a   Data   RO          222    .rodata.str1.1      main.o
    0x0800519e   0x0800519e   0x00000002   PAD
    0x080051a0   0x080051a0   0x00000020   Data   RO         1680    Region$$Table       anon$$obj.o


    Execution Region RW_IRAM1 (Exec base: 0x20000000, Load base: 0x080051c0, Size: 0x00000c50, Max: 0x00018000, ABSOLUTE)

    Exec Addr    Load Addr    Size         Type   Attr      Idx    E Section Name        Object

    0x20000000   0x080051c0   0x0000001c   Data   RW          133    .data..L_MergedGlobals  keypad.o
    0x2000001c   0x080051dc   0x00000068   Data   RW          226    .data..L_MergedGlobals  main.o
    0x20000084   0x08005244   0x00000008   Data   RW          809    .data..L_MergedGlobals  stm32f4xx_hal.o
    0x2000008c   0x0800524c   0x00000008   Data   RW          113    .data.Font_11x18    fonts.o
    0x20000094   0x08005254   0x00000008   Data   RW          112    .data.Font_7x10     fonts.o
    0x2000009c   0x0800525c   0x00000004   Data   RW         1432    .data.SystemCoreClock  system_stm32f4xx_1.o
    0x200000a0        -       0x00000060   Zero   RW         1545    .bss                c_w.l(libspace.o)
    0x20000100        -       0x00000006   Zero   RW          199    .bss..L_MergedGlobals  ssd1306.o
    0x20000106   0x08005260   0x00000002   PAD
    0x20000108        -       0x00000058   Zero   RW          227    .bss..L_MergedGlobals.12  main.o
    0x20000160        -       0x00000004   Zero   RW          132    .bss.KeyPad         keypad.o
    0x20000164        -       0x00000400   Zero   RW          198    .bss.SSD1306_Buffer  ssd1306.o
    0x20000564        -       0x00000004   Zero   RW           98    .bss._ds3231_ui2c   ds3231_for_stm32_hal.o
    0x20000568        -       0x00000054   Zero   RW          221    .bss.hi2c1          main.o
    0x200005bc        -       0x00000048   Zero   RW          224    .bss.htim2          main.o
    0x20000604        -       0x00000048   Zero   RW          223    .bss.huart1         main.o
    0x2000064c        -       0x00000004   Zero   RW          808    .bss.uwTick         stm32f4xx_hal.o
    0x20000650        -       0x00000200   Zero   RW         1419    HEAP                startup_stm32f401xe.o
    0x20000850        -       0x00000400   Zero   RW         1418    STACK               startup_stm32f401xe.o


==============================================================================

Image component sizes


      Code (inc. data)   RO Data    RW Data    ZI Data      Debug   Object Name

       746          0          0          0          4      27781   ds3231_for_stm32_hal.o
         0          0       5320         16          0       1292   fonts.o
       666          0         14         28          4       3547   keypad.o
      1674        152         58        104        316      16283   main.o
      1312          0          0          0       1030      29371   ssd1306.o
        64         26        404          0       1536        904   startup_stm32f401xe.o
       204          0          0          8          4       6900   stm32f4xx_hal.o
       196          0          0          0          0      10248   stm32f4xx_hal_cortex.o
       458          0          0          0          0       5518   stm32f4xx_hal_gpio.o
      3348          0          0          0          0      44641   stm32f4xx_hal_i2c.o
       412          0          0          0          0      10883   stm32f4xx_hal_msp.o
      1482          4          0          0          0       7635   stm32f4xx_hal_rcc.o
       346          0          0          0          0       4697   stm32f4xx_hal_rcc_ex.o
       252          0          0          0          0      17309   stm32f4xx_hal_rtc.o
       760          0          0          0          0      57829   stm32f4xx_hal_tim.o
       148          0          0          0          0      21676   stm32f4xx_hal_tim_ex.o
       728          0          0          0          0      32705   stm32f4xx_hal_uart.o
        38          0          0          0          0       1678   stm32f4xx_it.o
        86          0         24          4          0       2856   system_stm32f4xx_1.o

    ----------------------------------------------------------------------
     13000        182       5855        160       2896     303753   Object Totals
         0          0         32          0          0          0   (incl. Generated)
        80          0          3          0          2          0   (incl. Padding)

    ----------------------------------------------------------------------

      Code (inc. data)   RO Data    RW Data    ZI Data      Debug   Library Member Name

         8          0          0          0          0         68   __main.o
       312          4         17          0          0         92   __printf_flags_wp.o
        14          0          0          0          0         68   __printf_wp.o
         0          0          0          0          0          0   __rtentry.o
        12          0          0          0          0          0   __rtentry2.o
         6          0          0          0          0          0   __rtentry4.o
        94          8          0          0          0          0   __scatter.o
        26          0          0          0          0          0   __scatter_copy.o
        28          0          0          0          0          0   __scatter_zi.o
        44          0          0          0          0        108   _printf_char.o
        48          6          0          0          0         96   _printf_char_common.o
         6          0          0          0          0          0   _printf_d.o
       120         16          0          0          0         92   _printf_dec.o
       178          0          0          0          0         88   _printf_intcommon.o
        78          0          0          0          0        108   _printf_pad.o
         0          0          0          0          0          0   _printf_percent.o
         4          0          0          0          0          0   _printf_percent_end.o
         6          0          0          0          0          0   _printf_s.o
        82          0          0          0          0         80   _printf_str.o
        10          0          0          0          0         68   _sputc.o
        16          0          0          0          0         68   aeabi_memset4.o
        18          0          0          0          0         80   exit.o
         6          0          0          0          0        152   heapauxi.o
         0          0          0          0          0          0   indicate_semi.o
         2          0          0          0          0          0   libinit.o
         6          0          0          0          0          0   libinit2.o
         2          0          0          0          0          0   libshutdown.o
         2          0          0          0          0          0   libshutdown2.o
         8          4          0          0         96         68   libspace.o
       240          0          0          0          0        100   lludivv7m.o
        40          6          0          0          0         84   noretval__2sprintf.o
        78          0          0          0          0         80   rt_memclr_w.o
       138          0          0          0          0         68   rt_memcpy_v6.o
       100          0          0          0          0         80   rt_memcpy_w.o
         2          0          0          0          0          0   rtexit.o
        10          0          0          0          0          0   rtexit2.o
       124          0          0          0          0         88   strcmpv7em.o
        62          0          0          0          0         76   strlen.o
        12          4          0          0          0         68   sys_exit.o
        74          0          0          0          0         80   sys_stackheap_outer.o
         2          0          0          0          0         68   use_no_semi.o
        26          0          0          0          0        116   fpinit.o

    ----------------------------------------------------------------------
      2056         48         17          0         96       2144   Library Totals
        12          0          0          0          0          0   (incl. Padding)

    ----------------------------------------------------------------------

      Code (inc. data)   RO Data    RW Data    ZI Data      Debug   Library Name

      2018         48         17          0         96       2028   c_w.l
        26          0          0          0          0        116   fz_wm.l

    ----------------------------------------------------------------------
      2056         48         17          0         96       2144   Library Totals

    ----------------------------------------------------------------------

==============================================================================


      Code (inc. data)   RO Data    RW Data    ZI Data      Debug   

     15056        230       5872        160       2992     304605   Grand Totals
     15056        230       5872        160       2992     304605   ELF Image Totals
     15056        230       5872        160          0          0   ROM Totals

==============================================================================

    Total RO  Size (Code + RO Data)                20928 (  20.44kB)
    Total RW  Size (RW Data + ZI Data)              3152 (   3.08kB)
    Total ROM Size (Code + RO Data + RW Data)      21088 (  20.59kB)

==============================================================================

